15:48:10 **** Build of configuration Debug for project projekt ****
make -j12 all 
arm-none-eabi-gcc "../Drivers/STM32L4xx_HAL_Driver/Src/stm32l4xx_hal.c" -mcpu=cortex-m4 -std=gnu11 -g3 -DDEBUG -DUSE_HAL_DRIVER -DSTM32L476xx -c -I../Core/Inc -I../Drivers/STM32L4xx_HAL_Driver/Inc -I../Drivers/STM32L4xx_HAL_Driver/Inc/Legacy -I../Drivers/CMSIS/Device/ST/STM32L4xx/Include -I../Drivers/CMSIS/Include -O0 -ffunction-sections -fdata-sections -Wall -fstack-usage -fcyclomatic-complexity -MMD -MP -MF"Drivers/STM32L4xx_HAL_Driver/Src/stm32l4xx_hal.d" -MT"Drivers/STM32L4xx_HAL_Driver/Src/stm32l4xx_hal.o" --specs=nano.specs -mfpu=fpv4-sp-d16 -mfloat-abi=hard -mthumb -o "Drivers/STM32L4xx_HAL_Driver/Src/stm32l4xx_hal.o"
arm-none-eabi-gcc "../Drivers/STM32L4xx_HAL_Driver/Src/stm32l4xx_hal_adc.c" -mcpu=cortex-m4 -std=gnu11 -g3 -DDEBUG -DUSE_HAL_DRIVER -DSTM32L476xx -c -I../Core/Inc -I../Drivers/STM32L4xx_HAL_Driver/Inc -I../Drivers/STM32L4xx_HAL_Driver/Inc/Legacy -I../Drivers/CMSIS/Device/ST/STM32L4xx/Include -I../Drivers/CMSIS/Include -O0 -ffunction-sections -fdata-sections -Wall -fstack-usage -fcyclomatic-complexity -MMD -MP -MF"Drivers/STM32L4xx_HAL_Driver/Src/stm32l4xx_hal_adc.d" -MT"Drivers/STM32L4xx_HAL_Driver/Src/stm32l4xx_hal_adc.o" --specs=nano.specs -mfpu=fpv4-sp-d16 -mfloat-abi=hard -mthumb -o "Drivers/STM32L4xx_HAL_Driver/Src/stm32l4xx_hal_adc.o"
arm-none-eabi-gcc "../Drivers/STM32L4xx_HAL_Driver/Src/stm32l4xx_hal_adc_ex.c" -mcpu=cortex-m4 -std=gnu11 -g3 -DDEBUG -DUSE_HAL_DRIVER -DSTM32L476xx -c -I../Core/Inc -I../Drivers/STM32L4xx_HAL_Driver/Inc -I../Drivers/STM32L4xx_HAL_Driver/Inc/Legacy -I../Drivers/CMSIS/Device/ST/STM32L4xx/Include -I../Drivers/CMSIS/Include -O0 -ffunction-sections -fdata-sections -Wall -fstack-usage -fcyclomatic-complexity -MMD -MP -MF"Drivers/STM32L4xx_HAL_Driver/Src/stm32l4xx_hal_adc_ex.d" -MT"Drivers/STM32L4xx_HAL_Driver/Src/stm32l4xx_hal_adc_ex.o" --specs=nano.specs -mfpu=fpv4-sp-d16 -mfloat-abi=hard -mthumb -o "Drivers/STM32L4xx_HAL_Driver/Src/stm32l4xx_hal_adc_ex.o"
arm-none-eabi-gcc "../Drivers/STM32L4xx_HAL_Driver/Src/stm32l4xx_hal_cortex.c" -mcpu=cortex-m4 -std=gnu11 -g3 -DDEBUG -DUSE_HAL_DRIVER -DSTM32L476xx -c -I../Core/Inc -I../Drivers/STM32L4xx_HAL_Driver/Inc -I../Drivers/STM32L4xx_HAL_Driver/Inc/Legacy -I../Drivers/CMSIS/Device/ST/STM32L4xx/Include -I../Drivers/CMSIS/Include -O0 -ffunction-sections -fdata-sections -Wall -fstack-usage -fcyclomatic-complexity -MMD -MP -MF"Drivers/STM32L4xx_HAL_Driver/Src/stm32l4xx_hal_cortex.d" -MT"Drivers/STM32L4xx_HAL_Driver/Src/stm32l4xx_hal_cortex.o" --specs=nano.specs -mfpu=fpv4-sp-d16 -mfloat-abi=hard -mthumb -o "Drivers/STM32L4xx_HAL_Driver/Src/stm32l4xx_hal_cortex.o"
arm-none-eabi-gcc "../Drivers/STM32L4xx_HAL_Driver/Src/stm32l4xx_hal_dma.c" -mcpu=cortex-m4 -std=gnu11 -g3 -DDEBUG -DUSE_HAL_DRIVER -DSTM32L476xx -c -I../Core/Inc -I../Drivers/STM32L4xx_HAL_Driver/Inc -I../Drivers/STM32L4xx_HAL_Driver/Inc/Legacy -I../Drivers/CMSIS/Device/ST/STM32L4xx/Include -I../Drivers/CMSIS/Include -O0 -ffunction-sections -fdata-sections -Wall -fstack-usage -fcyclomatic-complexity -MMD -MP -MF"Drivers/STM32L4xx_HAL_Driver/Src/stm32l4xx_hal_dma.d" -MT"Drivers/STM32L4xx_HAL_Driver/Src/stm32l4xx_hal_dma.o" --specs=nano.specs -mfpu=fpv4-sp-d16 -mfloat-abi=hard -mthumb -o "Drivers/STM32L4xx_HAL_Driver/Src/stm32l4xx_hal_dma.o"
arm-none-eabi-gcc "../Drivers/STM32L4xx_HAL_Driver/Src/stm32l4xx_hal_dma_ex.c" -mcpu=cortex-m4 -std=gnu11 -g3 -DDEBUG -DUSE_HAL_DRIVER -DSTM32L476xx -c -I../Core/Inc -I../Drivers/STM32L4xx_HAL_Driver/Inc -I../Drivers/STM32L4xx_HAL_Driver/Inc/Legacy -I../Drivers/CMSIS/Device/ST/STM32L4xx/Include -I../Drivers/CMSIS/Include -O0 -ffunction-sections -fdata-sections -Wall -fstack-usage -fcyclomatic-complexity -MMD -MP -MF"Drivers/STM32L4xx_HAL_Driver/Src/stm32l4xx_hal_dma_ex.d" -MT"Drivers/STM32L4xx_HAL_Driver/Src/stm32l4xx_hal_dma_ex.o" --specs=nano.specs -mfpu=fpv4-sp-d16 -mfloat-abi=hard -mthumb -o "Drivers/STM32L4xx_HAL_Driver/Src/stm32l4xx_hal_dma_ex.o"
arm-none-eabi-gcc "../Drivers/STM32L4xx_HAL_Driver/Src/stm32l4xx_hal_exti.c" -mcpu=cortex-m4 -std=gnu11 -g3 -DDEBUG -DUSE_HAL_DRIVER -DSTM32L476xx -c -I../Core/Inc -I../Drivers/STM32L4xx_HAL_Driver/Inc -I../Drivers/STM32L4xx_HAL_Driver/Inc/Legacy -I../Drivers/CMSIS/Device/ST/STM32L4xx/Include -I../Drivers/CMSIS/Include -O0 -ffunction-sections -fdata-sections -Wall -fstack-usage -fcyclomatic-complexity -MMD -MP -MF"Drivers/STM32L4xx_HAL_Driver/Src/stm32l4xx_hal_exti.d" -MT"Drivers/STM32L4xx_HAL_Driver/Src/stm32l4xx_hal_exti.o" --specs=nano.specs -mfpu=fpv4-sp-d16 -mfloat-abi=hard -mthumb -o "Drivers/STM32L4xx_HAL_Driver/Src/stm32l4xx_hal_exti.o"
arm-none-eabi-gcc "../Drivers/STM32L4xx_HAL_Driver/Src/stm32l4xx_hal_flash.c" -mcpu=cortex-m4 -std=gnu11 -g3 -DDEBUG -DUSE_HAL_DRIVER -DSTM32L476xx -c -I../Core/Inc -I../Drivers/STM32L4xx_HAL_Driver/Inc -I../Drivers/STM32L4xx_HAL_Driver/Inc/Legacy -I../Drivers/CMSIS/Device/ST/STM32L4xx/Include -I../Drivers/CMSIS/Include -O0 -ffunction-sections -fdata-sections -Wall -fstack-usage -fcyclomatic-complexity -MMD -MP -MF"Drivers/STM32L4xx_HAL_Driver/Src/stm32l4xx_hal_flash.d" -MT"Drivers/STM32L4xx_HAL_Driver/Src/stm32l4xx_hal_flash.o" --specs=nano.specs -mfpu=fpv4-sp-d16 -mfloat-abi=hard -mthumb -o "Drivers/STM32L4xx_HAL_Driver/Src/stm32l4xx_hal_flash.o"
arm-none-eabi-gcc "../Drivers/STM32L4xx_HAL_Driver/Src/stm32l4xx_hal_flash_ex.c" -mcpu=cortex-m4 -std=gnu11 -g3 -DDEBUG -DUSE_HAL_DRIVER -DSTM32L476xx -c -I../Core/Inc -I../Drivers/STM32L4xx_HAL_Driver/Inc -I../Drivers/STM32L4xx_HAL_Driver/Inc/Legacy -I../Drivers/CMSIS/Device/ST/STM32L4xx/Include -I../Drivers/CMSIS/Include -O0 -ffunction-sections -fdata-sections -Wall -fstack-usage -fcyclomatic-complexity -MMD -MP -MF"Drivers/STM32L4xx_HAL_Driver/Src/stm32l4xx_hal_flash_ex.d" -MT"Drivers/STM32L4xx_HAL_Driver/Src/stm32l4xx_hal_flash_ex.o" --specs=nano.specs -mfpu=fpv4-sp-d16 -mfloat-abi=hard -mthumb -o "Drivers/STM32L4xx_HAL_Driver/Src/stm32l4xx_hal_flash_ex.o"
arm-none-eabi-gcc "../Drivers/STM32L4xx_HAL_Driver/Src/stm32l4xx_hal_flash_ramfunc.c" -mcpu=cortex-m4 -std=gnu11 -g3 -DDEBUG -DUSE_HAL_DRIVER -DSTM32L476xx -c -I../Core/Inc -I../Drivers/STM32L4xx_HAL_Driver/Inc -I../Drivers/STM32L4xx_HAL_Driver/Inc/Legacy -I../Drivers/CMSIS/Device/ST/STM32L4xx/Include -I../Drivers/CMSIS/Include -O0 -ffunction-sections -fdata-sections -Wall -fstack-usage -fcyclomatic-complexity -MMD -MP -MF"Drivers/STM32L4xx_HAL_Driver/Src/stm32l4xx_hal_flash_ramfunc.d" -MT"Drivers/STM32L4xx_HAL_Driver/Src/stm32l4xx_hal_flash_ramfunc.o" --specs=nano.specs -mfpu=fpv4-sp-d16 -mfloat-abi=hard -mthumb -o "Drivers/STM32L4xx_HAL_Driver/Src/stm32l4xx_hal_flash_ramfunc.o"
arm-none-eabi-gcc "../Drivers/STM32L4xx_HAL_Driver/Src/stm32l4xx_hal_gpio.c" -mcpu=cortex-m4 -std=gnu11 -g3 -DDEBUG -DUSE_HAL_DRIVER -DSTM32L476xx -c -I../Core/Inc -I../Drivers/STM32L4xx_HAL_Driver/Inc -I../Drivers/STM32L4xx_HAL_Driver/Inc/Legacy -I../Drivers/CMSIS/Device/ST/STM32L4xx/Include -I../Drivers/CMSIS/Include -O0 -ffunction-sections -fdata-sections -Wall -fstack-usage -fcyclomatic-complexity -MMD -MP -MF"Drivers/STM32L4xx_HAL_Driver/Src/stm32l4xx_hal_gpio.d" -MT"Drivers/STM32L4xx_HAL_Driver/Src/stm32l4xx_hal_gpio.o" --specs=nano.specs -mfpu=fpv4-sp-d16 -mfloat-abi=hard -mthumb -o "Drivers/STM32L4xx_HAL_Driver/Src/stm32l4xx_hal_gpio.o"
arm-none-eabi-gcc "../Drivers/STM32L4xx_HAL_Driver/Src/stm32l4xx_hal_i2c.c" -mcpu=cortex-m4 -std=gnu11 -g3 -DDEBUG -DUSE_HAL_DRIVER -DSTM32L476xx -c -I../Core/Inc -I../Drivers/STM32L4xx_HAL_Driver/Inc -I../Drivers/STM32L4xx_HAL_Driver/Inc/Legacy -I../Drivers/CMSIS/Device/ST/STM32L4xx/Include -I../Drivers/CMSIS/Include -O0 -ffunction-sections -fdata-sections -Wall -fstack-usage -fcyclomatic-complexity -MMD -MP -MF"Drivers/STM32L4xx_HAL_Driver/Src/stm32l4xx_hal_i2c.d" -MT"Drivers/STM32L4xx_HAL_Driver/Src/stm32l4xx_hal_i2c.o" --specs=nano.specs -mfpu=fpv4-sp-d16 -mfloat-abi=hard -mthumb -o "Drivers/STM32L4xx_HAL_Driver/Src/stm32l4xx_hal_i2c.o"
arm-none-eabi-gcc "../Drivers/STM32L4xx_HAL_Driver/Src/stm32l4xx_hal_i2c_ex.c" -mcpu=cortex-m4 -std=gnu11 -g3 -DDEBUG -DUSE_HAL_DRIVER -DSTM32L476xx -c -I../Core/Inc -I../Drivers/STM32L4xx_HAL_Driver/Inc -I../Drivers/STM32L4xx_HAL_Driver/Inc/Legacy -I../Drivers/CMSIS/Device/ST/STM32L4xx/Include -I../Drivers/CMSIS/Include -O0 -ffunction-sections -fdata-sections -Wall -fstack-usage -fcyclomatic-complexity -MMD -MP -MF"Drivers/STM32L4xx_HAL_Driver/Src/stm32l4xx_hal_i2c_ex.d" -MT"Drivers/STM32L4xx_HAL_Driver/Src/stm32l4xx_hal_i2c_ex.o" --specs=nano.specs -mfpu=fpv4-sp-d16 -mfloat-abi=hard -mthumb -o "Drivers/STM32L4xx_HAL_Driver/Src/stm32l4xx_hal_i2c_ex.o"
arm-none-eabi-gcc "../Drivers/STM32L4xx_HAL_Driver/Src/stm32l4xx_hal_pwr.c" -mcpu=cortex-m4 -std=gnu11 -g3 -DDEBUG -DUSE_HAL_DRIVER -DSTM32L476xx -c -I../Core/Inc -I../Drivers/STM32L4xx_HAL_Driver/Inc -I../Drivers/STM32L4xx_HAL_Driver/Inc/Legacy -I../Drivers/CMSIS/Device/ST/STM32L4xx/Include -I../Drivers/CMSIS/Include -O0 -ffunction-sections -fdata-sections -Wall -fstack-usage -fcyclomatic-complexity -MMD -MP -MF"Drivers/STM32L4xx_HAL_Driver/Src/stm32l4xx_hal_pwr.d" -MT"Drivers/STM32L4xx_HAL_Driver/Src/stm32l4xx_hal_pwr.o" --specs=nano.specs -mfpu=fpv4-sp-d16 -mfloat-abi=hard -mthumb -o "Drivers/STM32L4xx_HAL_Driver/Src/stm32l4xx_hal_pwr.o"
arm-none-eabi-gcc "../Drivers/STM32L4xx_HAL_Driver/Src/stm32l4xx_hal_pwr_ex.c" -mcpu=cortex-m4 -std=gnu11 -g3 -DDEBUG -DUSE_HAL_DRIVER -DSTM32L476xx -c -I../Core/Inc -I../Drivers/STM32L4xx_HAL_Driver/Inc -I../Drivers/STM32L4xx_HAL_Driver/Inc/Legacy -I../Drivers/CMSIS/Device/ST/STM32L4xx/Include -I../Drivers/CMSIS/Include -O0 -ffunction-sections -fdata-sections -Wall -fstack-usage -fcyclomatic-complexity -MMD -MP -MF"Drivers/STM32L4xx_HAL_Driver/Src/stm32l4xx_hal_pwr_ex.d" -MT"Drivers/STM32L4xx_HAL_Driver/Src/stm32l4xx_hal_pwr_ex.o" --specs=nano.specs -mfpu=fpv4-sp-d16 -mfloat-abi=hard -mthumb -o "Drivers/STM32L4xx_HAL_Driver/Src/stm32l4xx_hal_pwr_ex.o"
arm-none-eabi-gcc "../Drivers/STM32L4xx_HAL_Driver/Src/stm32l4xx_hal_rcc.c" -mcpu=cortex-m4 -std=gnu11 -g3 -DDEBUG -DUSE_HAL_DRIVER -DSTM32L476xx -c -I../Core/Inc -I../Drivers/STM32L4xx_HAL_Driver/Inc -I../Drivers/STM32L4xx_HAL_Driver/Inc/Legacy -I../Drivers/CMSIS/Device/ST/STM32L4xx/Include -I../Drivers/CMSIS/Include -O0 -ffunction-sections -fdata-sections -Wall -fstack-usage -fcyclomatic-complexity -MMD -MP -MF"Drivers/STM32L4xx_HAL_Driver/Src/stm32l4xx_hal_rcc.d" -MT"Drivers/STM32L4xx_HAL_Driver/Src/stm32l4xx_hal_rcc.o" --specs=nano.specs -mfpu=fpv4-sp-d16 -mfloat-abi=hard -mthumb -o "Drivers/STM32L4xx_HAL_Driver/Src/stm32l4xx_hal_rcc.o"
arm-none-eabi-gcc "../Drivers/STM32L4xx_HAL_Driver/Src/stm32l4xx_hal_rcc_ex.c" -mcpu=cortex-m4 -std=gnu11 -g3 -DDEBUG -DUSE_HAL_DRIVER -DSTM32L476xx -c -I../Core/Inc -I../Drivers/STM32L4xx_HAL_Driver/Inc -I../Drivers/STM32L4xx_HAL_Driver/Inc/Legacy -I../Drivers/CMSIS/Device/ST/STM32L4xx/Include -I../Drivers/CMSIS/Include -O0 -ffunction-sections -fdata-sections -Wall -fstack-usage -fcyclomatic-complexity -MMD -MP -MF"Drivers/STM32L4xx_HAL_Driver/Src/stm32l4xx_hal_rcc_ex.d" -MT"Drivers/STM32L4xx_HAL_Driver/Src/stm32l4xx_hal_rcc_ex.o" --specs=nano.specs -mfpu=fpv4-sp-d16 -mfloat-abi=hard -mthumb -o "Drivers/STM32L4xx_HAL_Driver/Src/stm32l4xx_hal_rcc_ex.o"
arm-none-eabi-gcc "../Drivers/STM32L4xx_HAL_Driver/Src/stm32l4xx_hal_tim.c" -mcpu=cortex-m4 -std=gnu11 -g3 -DDEBUG -DUSE_HAL_DRIVER -DSTM32L476xx -c -I../Core/Inc -I../Drivers/STM32L4xx_HAL_Driver/Inc -I../Drivers/STM32L4xx_HAL_Driver/Inc/Legacy -I../Drivers/CMSIS/Device/ST/STM32L4xx/Include -I../Drivers/CMSIS/Include -O0 -ffunction-sections -fdata-sections -Wall -fstack-usage -fcyclomatic-complexity -MMD -MP -MF"Drivers/STM32L4xx_HAL_Driver/Src/stm32l4xx_hal_tim.d" -MT"Drivers/STM32L4xx_HAL_Driver/Src/stm32l4xx_hal_tim.o" --specs=nano.specs -mfpu=fpv4-sp-d16 -mfloat-abi=hard -mthumb -o "Drivers/STM32L4xx_HAL_Driver/Src/stm32l4xx_hal_tim.o"
arm-none-eabi-gcc "../Drivers/STM32L4xx_HAL_Driver/Src/stm32l4xx_hal_tim_ex.c" -mcpu=cortex-m4 -std=gnu11 -g3 -DDEBUG -DUSE_HAL_DRIVER -DSTM32L476xx -c -I../Core/Inc -I../Drivers/STM32L4xx_HAL_Driver/Inc -I../Drivers/STM32L4xx_HAL_Driver/Inc/Legacy -I../Drivers/CMSIS/Device/ST/STM32L4xx/Include -I../Drivers/CMSIS/Include -O0 -ffunction-sections -fdata-sections -Wall -fstack-usage -fcyclomatic-complexity -MMD -MP -MF"Drivers/STM32L4xx_HAL_Driver/Src/stm32l4xx_hal_tim_ex.d" -MT"Drivers/STM32L4xx_HAL_Driver/Src/stm32l4xx_hal_tim_ex.o" --specs=nano.specs -mfpu=fpv4-sp-d16 -mfloat-abi=hard -mthumb -o "Drivers/STM32L4xx_HAL_Driver/Src/stm32l4xx_hal_tim_ex.o"
arm-none-eabi-gcc -mcpu=cortex-m4 -g3 -DDEBUG -c -x assembler-with-cpp -MMD -MP -MF"Core/Startup/startup_stm32l476rgtx.d" -MT"Core/Startup/startup_stm32l476rgtx.o" --specs=nano.specs -mfpu=fpv4-sp-d16 -mfloat-abi=hard -mthumb -o "Core/Startup/startup_stm32l476rgtx.o" "../Core/Startup/startup_stm32l476rgtx.s"
arm-none-eabi-gcc "../Core/Src/main.c" -mcpu=cortex-m4 -std=gnu11 -g3 -DDEBUG -DUSE_HAL_DRIVER -DSTM32L476xx -c -I../Core/Inc -I../Drivers/STM32L4xx_HAL_Driver/Inc -I../Drivers/STM32L4xx_HAL_Driver/Inc/Legacy -I../Drivers/CMSIS/Device/ST/STM32L4xx/Include -I../Drivers/CMSIS/Include -O0 -ffunction-sections -fdata-sections -Wall -fstack-usage -fcyclomatic-complexity -MMD -MP -MF"Core/Src/main.d" -MT"Core/Src/main.o" --specs=nano.specs -mfpu=fpv4-sp-d16 -mfloat-abi=hard -mthumb -o "Core/Src/main.o"
arm-none-eabi-gcc "../Core/Src/stm32l4xx_hal_msp.c" -mcpu=cortex-m4 -std=gnu11 -g3 -DDEBUG -DUSE_HAL_DRIVER -DSTM32L476xx -c -I../Core/Inc -I../Drivers/STM32L4xx_HAL_Driver/Inc -I../Drivers/STM32L4xx_HAL_Driver/Inc/Legacy -I../Drivers/CMSIS/Device/ST/STM32L4xx/Include -I../Drivers/CMSIS/Include -O0 -ffunction-sections -fdata-sections -Wall -fstack-usage -fcyclomatic-complexity -MMD -MP -MF"Core/Src/stm32l4xx_hal_msp.d" -MT"Core/Src/stm32l4xx_hal_msp.o" --specs=nano.specs -mfpu=fpv4-sp-d16 -mfloat-abi=hard -mthumb -o "Core/Src/stm32l4xx_hal_msp.o"
arm-none-eabi-gcc "../Core/Src/stm32l4xx_it.c" -mcpu=cortex-m4 -std=gnu11 -g3 -DDEBUG -DUSE_HAL_DRIVER -DSTM32L476xx -c -I../Core/Inc -I../Drivers/STM32L4xx_HAL_Driver/Inc -I../Drivers/STM32L4xx_HAL_Driver/Inc/Legacy -I../Drivers/CMSIS/Device/ST/STM32L4xx/Include -I../Drivers/CMSIS/Include -O0 -ffunction-sections -fdata-sections -Wall -fstack-usage -fcyclomatic-complexity -MMD -MP -MF"Core/Src/stm32l4xx_it.d" -MT"Core/Src/stm32l4xx_it.o" --specs=nano.specs -mfpu=fpv4-sp-d16 -mfloat-abi=hard -mthumb -o "Core/Src/stm32l4xx_it.o"
arm-none-eabi-gcc "../Core/Src/syscalls.c" -mcpu=cortex-m4 -std=gnu11 -g3 -DDEBUG -DUSE_HAL_DRIVER -DSTM32L476xx -c -I../Core/Inc -I../Drivers/STM32L4xx_HAL_Driver/Inc -I../Drivers/STM32L4xx_HAL_Driver/Inc/Legacy -I../Drivers/CMSIS/Device/ST/STM32L4xx/Include -I../Drivers/CMSIS/Include -O0 -ffunction-sections -fdata-sections -Wall -fstack-usage -fcyclomatic-complexity -MMD -MP -MF"Core/Src/syscalls.d" -MT"Core/Src/syscalls.o" --specs=nano.specs -mfpu=fpv4-sp-d16 -mfloat-abi=hard -mthumb -o "Core/Src/syscalls.o"
arm-none-eabi-gcc "../Core/Src/sysmem.c" -mcpu=cortex-m4 -std=gnu11 -g3 -DDEBUG -DUSE_HAL_DRIVER -DSTM32L476xx -c -I../Core/Inc -I../Drivers/STM32L4xx_HAL_Driver/Inc -I../Drivers/STM32L4xx_HAL_Driver/Inc/Legacy -I../Drivers/CMSIS/Device/ST/STM32L4xx/Include -I../Drivers/CMSIS/Include -O0 -ffunction-sections -fdata-sections -Wall -fstack-usage -fcyclomatic-complexity -MMD -MP -MF"Core/Src/sysmem.d" -MT"Core/Src/sysmem.o" --specs=nano.specs -mfpu=fpv4-sp-d16 -mfloat-abi=hard -mthumb -o "Core/Src/sysmem.o"
arm-none-eabi-gcc "../Core/Src/system_stm32l4xx.c" -mcpu=cortex-m4 -std=gnu11 -g3 -DDEBUG -DUSE_HAL_DRIVER -DSTM32L476xx -c -I../Core/Inc -I../Drivers/STM32L4xx_HAL_Driver/Inc -I../Drivers/STM32L4xx_HAL_Driver/Inc/Legacy -I../Drivers/CMSIS/Device/ST/STM32L4xx/Include -I../Drivers/CMSIS/Include -O0 -ffunction-sections -fdata-sections -Wall -fstack-usage -fcyclomatic-complexity -MMD -MP -MF"Core/Src/system_stm32l4xx.d" -MT"Core/Src/system_stm32l4xx.o" --specs=nano.specs -mfpu=fpv4-sp-d16 -mfloat-abi=hard -mthumb -o "Core/Src/system_stm32l4xx.o"
arm-none-eabi-gcc -o "projekt.elf" @"objects.list"   -mcpu=cortex-m4 -T"C:\Users\wojte\Desktop\zajecia\ak\projekt\STM32L476RGTX_FLASH.ld" --specs=nosys.specs -Wl,-Map="projekt.map" -Wl,--gc-sections -static --specs=nano.specs -mfpu=fpv4-sp-d16 -mfloat-abi=hard -mthumb -Wl,--start-group -lc -lm -Wl,--end-group
Finished building target: projekt.elf
 
arm-none-eabi-size  projekt.elf 
arm-none-eabi-objdump -h -S projekt.elf  > "projekt.list"
   text	   data	    bss	    dec	    hex	filename
  12856	     20	   1668	  14544	   38d0	projekt.elf
Finished building: default.size.stdout
 
Finished building: projekt.list
 
15:48:31 **** Incremental Build of configuration Debug for project projekt ****
make -j12 all 
arm-none-eabi-gcc "../Core/Src/main.c" -mcpu=cortex-m4 -std=gnu11 -g3 -DDEBUG -DUSE_HAL_DRIVER -DSTM32L476xx -c -I../Core/Inc -I../Drivers/STM32L4xx_HAL_Driver/Inc -I../Drivers/STM32L4xx_HAL_Driver/Inc/Legacy -I../Drivers/CMSIS/Device/ST/STM32L4xx/Include -I../Drivers/CMSIS/Include -O0 -ffunction-sections -fdata-sections -Wall -fstack-usage -fcyclomatic-complexity -MMD -MP -MF"Core/Src/main.d" -MT"Core/Src/main.o" --specs=nano.specs -mfpu=fpv4-sp-d16 -mfloat-abi=hard -mthumb -o "Core/Src/main.o"
../Core/Src/main.c:25:10: fatal error: lcd.h: No such file or directory
   25 | #include "lcd.h"
      |          ^~~~~~~
compilation terminated.
make: *** [Core/Src/subdir.mk:34: Core/Src/main.o] Error 1
"make -j12 all" terminated with exit code 2. Build might be incomplete.
15:48:52 **** Incremental Build of configuration Debug for project projekt ****
make -j12 all 
arm-none-eabi-gcc "../Core/Src/lcd.c" -mcpu=cortex-m4 -std=gnu11 -g3 -DDEBUG -DUSE_HAL_DRIVER -DSTM32L476xx -c -I../Core/Inc -I../Drivers/STM32L4xx_HAL_Driver/Inc -I../Drivers/STM32L4xx_HAL_Driver/Inc/Legacy -I../Drivers/CMSIS/Device/ST/STM32L4xx/Include -I../Drivers/CMSIS/Include -O0 -ffunction-sections -fdata-sections -Wall -fstack-usage -fcyclomatic-complexity -MMD -MP -MF"Core/Src/lcd.d" -MT"Core/Src/lcd.o" --specs=nano.specs -mfpu=fpv4-sp-d16 -mfloat-abi=hard -mthumb -o "Core/Src/lcd.o"
arm-none-eabi-gcc "../Core/Src/main.c" -mcpu=cortex-m4 -std=gnu11 -g3 -DDEBUG -DUSE_HAL_DRIVER -DSTM32L476xx -c -I../Core/Inc -I../Drivers/STM32L4xx_HAL_Driver/Inc -I../Drivers/STM32L4xx_HAL_Driver/Inc/Legacy -I../Drivers/CMSIS/Device/ST/STM32L4xx/Include -I../Drivers/CMSIS/Include -O0 -ffunction-sections -fdata-sections -Wall -fstack-usage -fcyclomatic-complexity -MMD -MP -MF"Core/Src/main.d" -MT"Core/Src/main.o" --specs=nano.specs -mfpu=fpv4-sp-d16 -mfloat-abi=hard -mthumb -o "Core/Src/main.o"
arm-none-eabi-gcc "../Core/Src/stm32l4xx_hal_msp.c" -mcpu=cortex-m4 -std=gnu11 -g3 -DDEBUG -DUSE_HAL_DRIVER -DSTM32L476xx -c -I../Core/Inc -I../Drivers/STM32L4xx_HAL_Driver/Inc -I../Drivers/STM32L4xx_HAL_Driver/Inc/Legacy -I../Drivers/CMSIS/Device/ST/STM32L4xx/Include -I../Drivers/CMSIS/Include -O0 -ffunction-sections -fdata-sections -Wall -fstack-usage -fcyclomatic-complexity -MMD -MP -MF"Core/Src/stm32l4xx_hal_msp.d" -MT"Core/Src/stm32l4xx_hal_msp.o" --specs=nano.specs -mfpu=fpv4-sp-d16 -mfloat-abi=hard -mthumb -o "Core/Src/stm32l4xx_hal_msp.o"
arm-none-eabi-gcc "../Core/Src/stm32l4xx_it.c" -mcpu=cortex-m4 -std=gnu11 -g3 -DDEBUG -DUSE_HAL_DRIVER -DSTM32L476xx -c -I../Core/Inc -I../Drivers/STM32L4xx_HAL_Driver/Inc -I../Drivers/STM32L4xx_HAL_Driver/Inc/Legacy -I../Drivers/CMSIS/Device/ST/STM32L4xx/Include -I../Drivers/CMSIS/Include -O0 -ffunction-sections -fdata-sections -Wall -fstack-usage -fcyclomatic-complexity -MMD -MP -MF"Core/Src/stm32l4xx_it.d" -MT"Core/Src/stm32l4xx_it.o" --specs=nano.specs -mfpu=fpv4-sp-d16 -mfloat-abi=hard -mthumb -o "Core/Src/stm32l4xx_it.o"
arm-none-eabi-gcc "../Core/Src/syscalls.c" -mcpu=cortex-m4 -std=gnu11 -g3 -DDEBUG -DUSE_HAL_DRIVER -DSTM32L476xx -c -I../Core/Inc -I../Drivers/STM32L4xx_HAL_Driver/Inc -I../Drivers/STM32L4xx_HAL_Driver/Inc/Legacy -I../Drivers/CMSIS/Device/ST/STM32L4xx/Include -I../Drivers/CMSIS/Include -O0 -ffunction-sections -fdata-sections -Wall -fstack-usage -fcyclomatic-complexity -MMD -MP -MF"Core/Src/syscalls.d" -MT"Core/Src/syscalls.o" --specs=nano.specs -mfpu=fpv4-sp-d16 -mfloat-abi=hard -mthumb -o "Core/Src/syscalls.o"
arm-none-eabi-gcc "../Core/Src/sysmem.c" -mcpu=cortex-m4 -std=gnu11 -g3 -DDEBUG -DUSE_HAL_DRIVER -DSTM32L476xx -c -I../Core/Inc -I../Drivers/STM32L4xx_HAL_Driver/Inc -I../Drivers/STM32L4xx_HAL_Driver/Inc/Legacy -I../Drivers/CMSIS/Device/ST/STM32L4xx/Include -I../Drivers/CMSIS/Include -O0 -ffunction-sections -fdata-sections -Wall -fstack-usage -fcyclomatic-complexity -MMD -MP -MF"Core/Src/sysmem.d" -MT"Core/Src/sysmem.o" --specs=nano.specs -mfpu=fpv4-sp-d16 -mfloat-abi=hard -mthumb -o "Core/Src/sysmem.o"
arm-none-eabi-gcc "../Core/Src/system_stm32l4xx.c" -mcpu=cortex-m4 -std=gnu11 -g3 -DDEBUG -DUSE_HAL_DRIVER -DSTM32L476xx -c -I../Core/Inc -I../Drivers/STM32L4xx_HAL_Driver/Inc -I../Drivers/STM32L4xx_HAL_Driver/Inc/Legacy -I../Drivers/CMSIS/Device/ST/STM32L4xx/Include -I../Drivers/CMSIS/Include -O0 -ffunction-sections -fdata-sections -Wall -fstack-usage -fcyclomatic-complexity -MMD -MP -MF"Core/Src/system_stm32l4xx.d" -MT"Core/Src/system_stm32l4xx.o" --specs=nano.specs -mfpu=fpv4-sp-d16 -mfloat-abi=hard -mthumb -o "Core/Src/system_stm32l4xx.o"
../Core/Src/main.c: In function 'main':
../Core/Src/main.c:123:30: warning: format '%hu' expects argument of type 'int', but argument 3 has type 'uint32_t' {aka 'long unsigned int'} [-Wformat=]
  123 |           sprintf(analog, "%hu", analogValue);
      |                            ~~^   ~~~~~~~~~~~
      |                              |   |
      |                              int uint32_t {aka long unsigned int}
      |                            %lu
../Core/Src/main.c:110:7: warning: unused variable 'liczba' [-Wunused-variable]
  110 |   int liczba = 10;
      |       ^~~~~~
../Core/Src/main.c:108:7: warning: unused variable 'zakres_gorny' [-Wunused-variable]
  108 |   int zakres_gorny = 10;
      |       ^~~~~~~~~~~~
../Core/Src/main.c:107:7: warning: unused variable 'zakres_dolny' [-Wunused-variable]
  107 |   int zakres_dolny = -10;
      |       ^~~~~~~~~~~~
../Core/Src/main.c:106:9: warning: unused variable 'napiecie' [-Wunused-variable]
  106 |   float napiecie;
      |         ^~~~~~~~
../Core/Src/main.c:105:8: warning: unused variable 'buff' [-Wunused-variable]
  105 |   char buff[10];
      |        ^~~~
arm-none-eabi-gcc -o "projekt.elf" @"objects.list"   -mcpu=cortex-m4 -T"C:\Users\wojte\Desktop\zajecia\ak\projekt\STM32L476RGTX_FLASH.ld" --specs=nosys.specs -Wl,-Map="projekt.map" -Wl,--gc-sections -static --specs=nano.specs -mfpu=fpv4-sp-d16 -mfloat-abi=hard -mthumb -Wl,--start-group -lc -lm -Wl,--end-group
C:/ST/STM32CubeIDE_1.14.1/STM32CubeIDE/plugins/com.st.stm32cube.ide.mcu.externaltools.gnu-tools-for-stm32.11.3.rel1.win32_1.1.100.202309141235/tools/bin/../lib/gcc/arm-none-eabi/11.3.1/../../../../arm-none-eabi/bin/ld.exe: C:/ST/STM32CubeIDE_1.14.1/STM32CubeIDE/plugins/com.st.stm32cube.ide.mcu.externaltools.gnu-tools-for-stm32.11.3.rel1.win32_1.1.100.202309141235/tools/bin/../lib/gcc/arm-none-eabi/11.3.1/../../../../arm-none-eabi/lib/thumb/v7e-m+fp/hard\libc_nano.a(libc_a-gettimeofdayr.o): in function `_gettimeofday_r':
(.text._gettimeofday_r+0xe): warning: _gettimeofday is not implemented and will always fail
Finished building target: projekt.elf
 
arm-none-eabi-size  projekt.elf 
arm-none-eabi-objdump -h -S projekt.elf  > "projekt.list"
   text	   data	    bss	    dec	    hex	filename
  21256	    112	   2008	  23376	   5b50	projekt.elf
Finished building: default.size.stdout
 
Finished building: projekt.list
 
15:53:33 **** Incremental Build of configuration Debug for project projekt ****
make -j12 all 
arm-none-eabi-size  projekt.elf 
   text	   data	    bss	    dec	    hex	filename
  21256	    112	   2008	  23376	   5b50	projekt.elf
Finished building: default.size.stdout
 
15:54:44 **** Incremental Build of configuration Debug for project projekt ****
make -j12 all 
arm-none-eabi-gcc "../Core/Src/main.c" -mcpu=cortex-m4 -std=gnu11 -g3 -DDEBUG -DUSE_HAL_DRIVER -DSTM32L476xx -c -I../Core/Inc -I../Drivers/STM32L4xx_HAL_Driver/Inc -I../Drivers/STM32L4xx_HAL_Driver/Inc/Legacy -I../Drivers/CMSIS/Device/ST/STM32L4xx/Include -I../Drivers/CMSIS/Include -O0 -ffunction-sections -fdata-sections -Wall -fstack-usage -fcyclomatic-complexity -MMD -MP -MF"Core/Src/main.d" -MT"Core/Src/main.o" --specs=nano.specs -mfpu=fpv4-sp-d16 -mfloat-abi=hard -mthumb -o "Core/Src/main.o"
../Core/Src/main.c: In function 'main':
../Core/Src/main.c:124:30: warning: format '%hu' expects argument of type 'int', but argument 3 has type 'uint32_t' {aka 'long unsigned int'} [-Wformat=]
  124 |           sprintf(analog, "%hu", analogValue);
      |                            ~~^   ~~~~~~~~~~~
      |                              |   |
      |                              int uint32_t {aka long unsigned int}
      |                            %lu
../Core/Src/main.c:111:7: warning: unused variable 'liczba' [-Wunused-variable]
  111 |   int liczba = 10;
      |       ^~~~~~
../Core/Src/main.c:109:7: warning: unused variable 'zakres_gorny' [-Wunused-variable]
  109 |   int zakres_gorny = 10;
      |       ^~~~~~~~~~~~
../Core/Src/main.c:108:7: warning: unused variable 'zakres_dolny' [-Wunused-variable]
  108 |   int zakres_dolny = -10;
      |       ^~~~~~~~~~~~
../Core/Src/main.c:107:9: warning: unused variable 'napiecie' [-Wunused-variable]
  107 |   float napiecie;
      |         ^~~~~~~~
../Core/Src/main.c:106:8: warning: unused variable 'buff' [-Wunused-variable]
  106 |   char buff[10];
      |        ^~~~
arm-none-eabi-gcc -o "projekt.elf" @"objects.list"   -mcpu=cortex-m4 -T"C:\Users\wojte\Desktop\zajecia\ak\projekt\STM32L476RGTX_FLASH.ld" --specs=nosys.specs -Wl,-Map="projekt.map" -Wl,--gc-sections -static --specs=nano.specs -mfpu=fpv4-sp-d16 -mfloat-abi=hard -mthumb -Wl,--start-group -lc -lm -Wl,--end-group
C:/ST/STM32CubeIDE_1.14.1/STM32CubeIDE/plugins/com.st.stm32cube.ide.mcu.externaltools.gnu-tools-for-stm32.11.3.rel1.win32_1.1.100.202309141235/tools/bin/../lib/gcc/arm-none-eabi/11.3.1/../../../../arm-none-eabi/bin/ld.exe: C:/ST/STM32CubeIDE_1.14.1/STM32CubeIDE/plugins/com.st.stm32cube.ide.mcu.externaltools.gnu-tools-for-stm32.11.3.rel1.win32_1.1.100.202309141235/tools/bin/../lib/gcc/arm-none-eabi/11.3.1/../../../../arm-none-eabi/lib/thumb/v7e-m+fp/hard\libc_nano.a(libc_a-gettimeofdayr.o): in function `_gettimeofday_r':
(.text._gettimeofday_r+0xe): warning: _gettimeofday is not implemented and will always fail
Finished building target: projekt.elf
 
arm-none-eabi-size  projekt.elf 
arm-none-eabi-objdump -h -S projekt.elf  > "projekt.list"
   text	   data	    bss	    dec	    hex	filename
  21256	    112	   2008	  23376	   5b50	projekt.elf
Finished building: default.size.stdout
 
Finished building: projekt.list
 
16:04:00 **** Incremental Build of configuration Debug for project projekt ****
make -j12 all 
arm-none-eabi-gcc "../Core/Src/main.c" -mcpu=cortex-m4 -std=gnu11 -g3 -DDEBUG -DUSE_HAL_DRIVER -DSTM32L476xx -c -I../Core/Inc -I../Drivers/STM32L4xx_HAL_Driver/Inc -I../Drivers/STM32L4xx_HAL_Driver/Inc/Legacy -I../Drivers/CMSIS/Device/ST/STM32L4xx/Include -I../Drivers/CMSIS/Include -O0 -ffunction-sections -fdata-sections -Wall -fstack-usage -fcyclomatic-complexity -MMD -MP -MF"Core/Src/main.d" -MT"Core/Src/main.o" --specs=nano.specs -mfpu=fpv4-sp-d16 -mfloat-abi=hard -mthumb -o "Core/Src/main.o"
../Core/Src/main.c: In function 'przycisk':
../Core/Src/main.c:68:23: warning: passing argument 1 of 'HAL_ADC_Start' from incompatible pointer type [-Wincompatible-pointer-types]
   68 |         HAL_ADC_Start(&hadc1);
      |                       ^~~~~~
      |                       |
      |                       ADC_HandleTypeDef **
In file included from ../Core/Inc/stm32l4xx_hal_conf.h:278,
                 from ../Drivers/STM32L4xx_HAL_Driver/Inc/stm32l4xx_hal.h:29,
                 from ../Core/Inc/main.h:30,
                 from ../Core/Src/main.c:20:
../Drivers/STM32L4xx_HAL_Driver/Inc/stm32l4xx_hal_adc.h:1935:58: note: expected 'ADC_HandleTypeDef *' but argument is of type 'ADC_HandleTypeDef **'
 1935 | HAL_StatusTypeDef       HAL_ADC_Start(ADC_HandleTypeDef *hadc);
      |                                       ~~~~~~~~~~~~~~~~~~~^~~~
../Core/Src/main.c:69:35: warning: passing argument 1 of 'HAL_ADC_PollForConversion' from incompatible pointer type [-Wincompatible-pointer-types]
   69 |         HAL_ADC_PollForConversion(&hadc1, HAL_MAX_DELAY);
      |                                   ^~~~~~
      |                                   |
      |                                   ADC_HandleTypeDef **
In file included from ../Core/Inc/stm32l4xx_hal_conf.h:278,
                 from ../Drivers/STM32L4xx_HAL_Driver/Inc/stm32l4xx_hal.h:29,
                 from ../Core/Inc/main.h:30,
                 from ../Core/Src/main.c:20:
../Drivers/STM32L4xx_HAL_Driver/Inc/stm32l4xx_hal_adc.h:1937:70: note: expected 'ADC_HandleTypeDef *' but argument is of type 'ADC_HandleTypeDef **'
 1937 | HAL_StatusTypeDef       HAL_ADC_PollForConversion(ADC_HandleTypeDef *hadc, uint32_t Timeout);
      |                                                   ~~~~~~~~~~~~~~~~~~~^~~~
../Core/Src/main.c:70:40: warning: passing argument 1 of 'HAL_ADC_GetValue' from incompatible pointer type [-Wincompatible-pointer-types]
   70 |         analogValue = HAL_ADC_GetValue(&hadc1);
      |                                        ^~~~~~
      |                                        |
      |                                        ADC_HandleTypeDef **
In file included from ../Core/Inc/stm32l4xx_hal_conf.h:278,
                 from ../Drivers/STM32L4xx_HAL_Driver/Inc/stm32l4xx_hal.h:29,
                 from ../Core/Inc/main.h:30,
                 from ../Core/Src/main.c:20:
../Drivers/STM32L4xx_HAL_Driver/Inc/stm32l4xx_hal_adc.h:1949:67: note: expected 'const ADC_HandleTypeDef *' but argument is of type 'ADC_HandleTypeDef **'
 1949 | uint32_t                HAL_ADC_GetValue(const ADC_HandleTypeDef *hadc);
      |                                          ~~~~~~~~~~~~~~~~~~~~~~~~~^~~~
../Core/Src/main.c:74:17: error: 'reutrn' undeclared (first use in this function)
   74 |                 reutrn "RIGHT";
      |                 ^~~~~~
../Core/Src/main.c:74:17: note: each undeclared identifier is reported only once for each function it appears in
../Core/Src/main.c:74:23: error: expected ';' before string constant
   74 |                 reutrn "RIGHT";
      |                       ^~~~~~~~
      |                       ;
../Core/Src/main.c: In function 'main':
../Core/Src/main.c:161:27: warning: passing argument 3 of 'lcd_print' discards 'const' qualifier from pointer target type [-Wdiscarded-qualifiers]
  161 |           lcd_print(1, 1, button);
      |                           ^~~~~~
In file included from ../Core/Src/main.c:25:
../Core/Inc/lcd.h:33:63: note: expected 'char *' but argument is of type 'const char *'
   33 | void lcd_print(unsigned char row, unsigned char column, char *out_char);
      |                                                         ~~~~~~^~~~~~~~
../Core/Src/main.c:162:11: warning: implicit declaration of function 'HAL_DELAY'; did you mean 'HAL_Delay'? [-Wimplicit-function-declaration]
  162 |           HAL_DELAY(100);
      |           ^~~~~~~~~
      |           HAL_Delay
../Core/Src/main.c:139:7: warning: unused variable 'liczba' [-Wunused-variable]
  139 |   int liczba = 10;
      |       ^~~~~~
../Core/Src/main.c:137:7: warning: unused variable 'zakres_gorny' [-Wunused-variable]
  137 |   int zakres_gorny = 10;
      |       ^~~~~~~~~~~~
../Core/Src/main.c:136:7: warning: unused variable 'zakres_dolny' [-Wunused-variable]
  136 |   int zakres_dolny = -10;
      |       ^~~~~~~~~~~~
../Core/Src/main.c:135:9: warning: unused variable 'napiecie' [-Wunused-variable]
  135 |   float napiecie;
      |         ^~~~~~~~
../Core/Src/main.c:134:8: warning: unused variable 'buff' [-Wunused-variable]
  134 |   char buff[10];
      |        ^~~~
../Core/Src/main.c:131:8: warning: unused variable 'analog' [-Wunused-variable]
  131 |   char analog[10];
      |        ^~~~~~
../Core/Src/main.c: In function 'przycisk':
../Core/Src/main.c:92:1: warning: control reaches end of non-void function [-Wreturn-type]
   92 | }
      | ^
make: *** [Core/Src/subdir.mk:37: Core/Src/main.o] Error 1
"make -j12 all" terminated with exit code 2. Build might be incomplete.
16:04:14 **** Incremental Build of configuration Debug for project projekt ****
make -j12 all 
arm-none-eabi-gcc "../Core/Src/main.c" -mcpu=cortex-m4 -std=gnu11 -g3 -DDEBUG -DUSE_HAL_DRIVER -DSTM32L476xx -c -I../Core/Inc -I../Drivers/STM32L4xx_HAL_Driver/Inc -I../Drivers/STM32L4xx_HAL_Driver/Inc/Legacy -I../Drivers/CMSIS/Device/ST/STM32L4xx/Include -I../Drivers/CMSIS/Include -O0 -ffunction-sections -fdata-sections -Wall -fstack-usage -fcyclomatic-complexity -MMD -MP -MF"Core/Src/main.d" -MT"Core/Src/main.o" --specs=nano.specs -mfpu=fpv4-sp-d16 -mfloat-abi=hard -mthumb -o "Core/Src/main.o"
../Core/Src/main.c: In function 'przycisk':
../Core/Src/main.c:68:23: warning: passing argument 1 of 'HAL_ADC_Start' from incompatible pointer type [-Wincompatible-pointer-types]
   68 |         HAL_ADC_Start(&hadc1);
      |                       ^~~~~~
      |                       |
      |                       ADC_HandleTypeDef **
In file included from ../Core/Inc/stm32l4xx_hal_conf.h:278,
                 from ../Drivers/STM32L4xx_HAL_Driver/Inc/stm32l4xx_hal.h:29,
                 from ../Core/Inc/main.h:30,
                 from ../Core/Src/main.c:20:
../Drivers/STM32L4xx_HAL_Driver/Inc/stm32l4xx_hal_adc.h:1935:58: note: expected 'ADC_HandleTypeDef *' but argument is of type 'ADC_HandleTypeDef **'
 1935 | HAL_StatusTypeDef       HAL_ADC_Start(ADC_HandleTypeDef *hadc);
      |                                       ~~~~~~~~~~~~~~~~~~~^~~~
../Core/Src/main.c:69:35: warning: passing argument 1 of 'HAL_ADC_PollForConversion' from incompatible pointer type [-Wincompatible-pointer-types]
   69 |         HAL_ADC_PollForConversion(&hadc1, HAL_MAX_DELAY);
      |                                   ^~~~~~
      |                                   |
      |                                   ADC_HandleTypeDef **
In file included from ../Core/Inc/stm32l4xx_hal_conf.h:278,
                 from ../Drivers/STM32L4xx_HAL_Driver/Inc/stm32l4xx_hal.h:29,
                 from ../Core/Inc/main.h:30,
                 from ../Core/Src/main.c:20:
../Drivers/STM32L4xx_HAL_Driver/Inc/stm32l4xx_hal_adc.h:1937:70: note: expected 'ADC_HandleTypeDef *' but argument is of type 'ADC_HandleTypeDef **'
 1937 | HAL_StatusTypeDef       HAL_ADC_PollForConversion(ADC_HandleTypeDef *hadc, uint32_t Timeout);
      |                                                   ~~~~~~~~~~~~~~~~~~~^~~~
../Core/Src/main.c:70:40: warning: passing argument 1 of 'HAL_ADC_GetValue' from incompatible pointer type [-Wincompatible-pointer-types]
   70 |         analogValue = HAL_ADC_GetValue(&hadc1);
      |                                        ^~~~~~
      |                                        |
      |                                        ADC_HandleTypeDef **
In file included from ../Core/Inc/stm32l4xx_hal_conf.h:278,
                 from ../Drivers/STM32L4xx_HAL_Driver/Inc/stm32l4xx_hal.h:29,
                 from ../Core/Inc/main.h:30,
                 from ../Core/Src/main.c:20:
../Drivers/STM32L4xx_HAL_Driver/Inc/stm32l4xx_hal_adc.h:1949:67: note: expected 'const ADC_HandleTypeDef *' but argument is of type 'ADC_HandleTypeDef **'
 1949 | uint32_t                HAL_ADC_GetValue(const ADC_HandleTypeDef *hadc);
      |                                          ~~~~~~~~~~~~~~~~~~~~~~~~~^~~~
../Core/Src/main.c: In function 'main':
../Core/Src/main.c:161:27: warning: passing argument 3 of 'lcd_print' discards 'const' qualifier from pointer target type [-Wdiscarded-qualifiers]
  161 |           lcd_print(1, 1, button);
      |                           ^~~~~~
In file included from ../Core/Src/main.c:25:
../Core/Inc/lcd.h:33:63: note: expected 'char *' but argument is of type 'const char *'
   33 | void lcd_print(unsigned char row, unsigned char column, char *out_char);
      |                                                         ~~~~~~^~~~~~~~
../Core/Src/main.c:162:11: warning: implicit declaration of function 'HAL_DELAY'; did you mean 'HAL_Delay'? [-Wimplicit-function-declaration]
  162 |           HAL_DELAY(100);
      |           ^~~~~~~~~
      |           HAL_Delay
../Core/Src/main.c:139:7: warning: unused variable 'liczba' [-Wunused-variable]
  139 |   int liczba = 10;
      |       ^~~~~~
../Core/Src/main.c:137:7: warning: unused variable 'zakres_gorny' [-Wunused-variable]
  137 |   int zakres_gorny = 10;
      |       ^~~~~~~~~~~~
../Core/Src/main.c:136:7: warning: unused variable 'zakres_dolny' [-Wunused-variable]
  136 |   int zakres_dolny = -10;
      |       ^~~~~~~~~~~~
../Core/Src/main.c:135:9: warning: unused variable 'napiecie' [-Wunused-variable]
  135 |   float napiecie;
      |         ^~~~~~~~
../Core/Src/main.c:134:8: warning: unused variable 'buff' [-Wunused-variable]
  134 |   char buff[10];
      |        ^~~~
../Core/Src/main.c:131:8: warning: unused variable 'analog' [-Wunused-variable]
  131 |   char analog[10];
      |        ^~~~~~
../Core/Src/main.c: In function 'przycisk':
../Core/Src/main.c:92:1: warning: control reaches end of non-void function [-Wreturn-type]
   92 | }
      | ^
arm-none-eabi-gcc -o "projekt.elf" @"objects.list"   -mcpu=cortex-m4 -T"C:\Users\wojte\Desktop\zajecia\ak\projekt\STM32L476RGTX_FLASH.ld" --specs=nosys.specs -Wl,-Map="projekt.map" -Wl,--gc-sections -static --specs=nano.specs -mfpu=fpv4-sp-d16 -mfloat-abi=hard -mthumb -Wl,--start-group -lc -lm -Wl,--end-group
C:/ST/STM32CubeIDE_1.14.1/STM32CubeIDE/plugins/com.st.stm32cube.ide.mcu.externaltools.gnu-tools-for-stm32.11.3.rel1.win32_1.1.100.202309141235/tools/bin/../lib/gcc/arm-none-eabi/11.3.1/../../../../arm-none-eabi/bin/ld.exe: C:/ST/STM32CubeIDE_1.14.1/STM32CubeIDE/plugins/com.st.stm32cube.ide.mcu.externaltools.gnu-tools-for-stm32.11.3.rel1.win32_1.1.100.202309141235/tools/bin/../lib/gcc/arm-none-eabi/11.3.1/../../../../arm-none-eabi/lib/thumb/v7e-m+fp/hard\libc_nano.a(libc_a-gettimeofdayr.o): in function `_gettimeofday_r':
(.text._gettimeofday_r+0xe): warning: _gettimeofday is not implemented and will always fail
C:/ST/STM32CubeIDE_1.14.1/STM32CubeIDE/plugins/com.st.stm32cube.ide.mcu.externaltools.gnu-tools-for-stm32.11.3.rel1.win32_1.1.100.202309141235/tools/bin/../lib/gcc/arm-none-eabi/11.3.1/../../../../arm-none-eabi/bin/ld.exe: ./Core/Src/main.o: in function `main':
C:/Users/wojte/Desktop/zajecia/ak/projekt/Debug/../Core/Src/main.c:162: undefined reference to `HAL_DELAY'
collect2.exe: error: ld returned 1 exit status
make: *** [makefile:64: projekt.elf] Error 1
"make -j12 all" terminated with exit code 2. Build might be incomplete.
16:04:30 **** Incremental Build of configuration Debug for project projekt ****
make -j12 all 
arm-none-eabi-gcc "../Core/Src/main.c" -mcpu=cortex-m4 -std=gnu11 -g3 -DDEBUG -DUSE_HAL_DRIVER -DSTM32L476xx -c -I../Core/Inc -I../Drivers/STM32L4xx_HAL_Driver/Inc -I../Drivers/STM32L4xx_HAL_Driver/Inc/Legacy -I../Drivers/CMSIS/Device/ST/STM32L4xx/Include -I../Drivers/CMSIS/Include -O0 -ffunction-sections -fdata-sections -Wall -fstack-usage -fcyclomatic-complexity -MMD -MP -MF"Core/Src/main.d" -MT"Core/Src/main.o" --specs=nano.specs -mfpu=fpv4-sp-d16 -mfloat-abi=hard -mthumb -o "Core/Src/main.o"
../Core/Src/main.c: In function 'przycisk':
../Core/Src/main.c:68:23: warning: passing argument 1 of 'HAL_ADC_Start' from incompatible pointer type [-Wincompatible-pointer-types]
   68 |         HAL_ADC_Start(&hadc1);
      |                       ^~~~~~
      |                       |
      |                       ADC_HandleTypeDef **
In file included from ../Core/Inc/stm32l4xx_hal_conf.h:278,
                 from ../Drivers/STM32L4xx_HAL_Driver/Inc/stm32l4xx_hal.h:29,
                 from ../Core/Inc/main.h:30,
                 from ../Core/Src/main.c:20:
../Drivers/STM32L4xx_HAL_Driver/Inc/stm32l4xx_hal_adc.h:1935:58: note: expected 'ADC_HandleTypeDef *' but argument is of type 'ADC_HandleTypeDef **'
 1935 | HAL_StatusTypeDef       HAL_ADC_Start(ADC_HandleTypeDef *hadc);
      |                                       ~~~~~~~~~~~~~~~~~~~^~~~
../Core/Src/main.c:69:35: warning: passing argument 1 of 'HAL_ADC_PollForConversion' from incompatible pointer type [-Wincompatible-pointer-types]
   69 |         HAL_ADC_PollForConversion(&hadc1, HAL_MAX_DELAY);
      |                                   ^~~~~~
      |                                   |
      |                                   ADC_HandleTypeDef **
In file included from ../Core/Inc/stm32l4xx_hal_conf.h:278,
                 from ../Drivers/STM32L4xx_HAL_Driver/Inc/stm32l4xx_hal.h:29,
                 from ../Core/Inc/main.h:30,
                 from ../Core/Src/main.c:20:
../Drivers/STM32L4xx_HAL_Driver/Inc/stm32l4xx_hal_adc.h:1937:70: note: expected 'ADC_HandleTypeDef *' but argument is of type 'ADC_HandleTypeDef **'
 1937 | HAL_StatusTypeDef       HAL_ADC_PollForConversion(ADC_HandleTypeDef *hadc, uint32_t Timeout);
      |                                                   ~~~~~~~~~~~~~~~~~~~^~~~
../Core/Src/main.c:70:40: warning: passing argument 1 of 'HAL_ADC_GetValue' from incompatible pointer type [-Wincompatible-pointer-types]
   70 |         analogValue = HAL_ADC_GetValue(&hadc1);
      |                                        ^~~~~~
      |                                        |
      |                                        ADC_HandleTypeDef **
In file included from ../Core/Inc/stm32l4xx_hal_conf.h:278,
                 from ../Drivers/STM32L4xx_HAL_Driver/Inc/stm32l4xx_hal.h:29,
                 from ../Core/Inc/main.h:30,
                 from ../Core/Src/main.c:20:
../Drivers/STM32L4xx_HAL_Driver/Inc/stm32l4xx_hal_adc.h:1949:67: note: expected 'const ADC_HandleTypeDef *' but argument is of type 'ADC_HandleTypeDef **'
 1949 | uint32_t                HAL_ADC_GetValue(const ADC_HandleTypeDef *hadc);
      |                                          ~~~~~~~~~~~~~~~~~~~~~~~~~^~~~
../Core/Src/main.c: In function 'main':
../Core/Src/main.c:161:27: warning: passing argument 3 of 'lcd_print' discards 'const' qualifier from pointer target type [-Wdiscarded-qualifiers]
  161 |           lcd_print(1, 1, button);
      |                           ^~~~~~
In file included from ../Core/Src/main.c:25:
../Core/Inc/lcd.h:33:63: note: expected 'char *' but argument is of type 'const char *'
   33 | void lcd_print(unsigned char row, unsigned char column, char *out_char);
      |                                                         ~~~~~~^~~~~~~~
../Core/Src/main.c:139:7: warning: unused variable 'liczba' [-Wunused-variable]
  139 |   int liczba = 10;
      |       ^~~~~~
../Core/Src/main.c:137:7: warning: unused variable 'zakres_gorny' [-Wunused-variable]
  137 |   int zakres_gorny = 10;
      |       ^~~~~~~~~~~~
../Core/Src/main.c:136:7: warning: unused variable 'zakres_dolny' [-Wunused-variable]
  136 |   int zakres_dolny = -10;
      |       ^~~~~~~~~~~~
../Core/Src/main.c:135:9: warning: unused variable 'napiecie' [-Wunused-variable]
  135 |   float napiecie;
      |         ^~~~~~~~
../Core/Src/main.c:134:8: warning: unused variable 'buff' [-Wunused-variable]
  134 |   char buff[10];
      |        ^~~~
../Core/Src/main.c:131:8: warning: unused variable 'analog' [-Wunused-variable]
  131 |   char analog[10];
      |        ^~~~~~
../Core/Src/main.c: In function 'przycisk':
../Core/Src/main.c:92:1: warning: control reaches end of non-void function [-Wreturn-type]
   92 | }
      | ^
arm-none-eabi-gcc -o "projekt.elf" @"objects.list"   -mcpu=cortex-m4 -T"C:\Users\wojte\Desktop\zajecia\ak\projekt\STM32L476RGTX_FLASH.ld" --specs=nosys.specs -Wl,-Map="projekt.map" -Wl,--gc-sections -static --specs=nano.specs -mfpu=fpv4-sp-d16 -mfloat-abi=hard -mthumb -Wl,--start-group -lc -lm -Wl,--end-group
C:/ST/STM32CubeIDE_1.14.1/STM32CubeIDE/plugins/com.st.stm32cube.ide.mcu.externaltools.gnu-tools-for-stm32.11.3.rel1.win32_1.1.100.202309141235/tools/bin/../lib/gcc/arm-none-eabi/11.3.1/../../../../arm-none-eabi/bin/ld.exe: C:/ST/STM32CubeIDE_1.14.1/STM32CubeIDE/plugins/com.st.stm32cube.ide.mcu.externaltools.gnu-tools-for-stm32.11.3.rel1.win32_1.1.100.202309141235/tools/bin/../lib/gcc/arm-none-eabi/11.3.1/../../../../arm-none-eabi/lib/thumb/v7e-m+fp/hard\libc_nano.a(libc_a-gettimeofdayr.o): in function `_gettimeofday_r':
(.text._gettimeofday_r+0xe): warning: _gettimeofday is not implemented and will always fail
Finished building target: projekt.elf
 
arm-none-eabi-size  projekt.elf 
arm-none-eabi-objdump -h -S projekt.elf  > "projekt.list"
   text	   data	    bss	    dec	    hex	filename
  20432	    112	   2008	  22552	   5818	projekt.elf
Finished building: default.size.stdout
 
Finished building: projekt.list
 
16:06:11 **** Incremental Build of configuration Debug for project projekt ****
make -j12 all 
arm-none-eabi-gcc "../Core/Src/main.c" -mcpu=cortex-m4 -std=gnu11 -g3 -DDEBUG -DUSE_HAL_DRIVER -DSTM32L476xx -c -I../Core/Inc -I../Drivers/STM32L4xx_HAL_Driver/Inc -I../Drivers/STM32L4xx_HAL_Driver/Inc/Legacy -I../Drivers/CMSIS/Device/ST/STM32L4xx/Include -I../Drivers/CMSIS/Include -O0 -ffunction-sections -fdata-sections -Wall -fstack-usage -fcyclomatic-complexity -MMD -MP -MF"Core/Src/main.d" -MT"Core/Src/main.o" --specs=nano.specs -mfpu=fpv4-sp-d16 -mfloat-abi=hard -mthumb -o "Core/Src/main.o"
../Core/Src/main.c: In function 'przycisk':
../Core/Src/main.c:68:23: warning: passing argument 1 of 'HAL_ADC_Start' from incompatible pointer type [-Wincompatible-pointer-types]
   68 |         HAL_ADC_Start(&hadc1);
      |                       ^~~~~~
      |                       |
      |                       ADC_HandleTypeDef **
In file included from ../Core/Inc/stm32l4xx_hal_conf.h:278,
                 from ../Drivers/STM32L4xx_HAL_Driver/Inc/stm32l4xx_hal.h:29,
                 from ../Core/Inc/main.h:30,
                 from ../Core/Src/main.c:20:
../Drivers/STM32L4xx_HAL_Driver/Inc/stm32l4xx_hal_adc.h:1935:58: note: expected 'ADC_HandleTypeDef *' but argument is of type 'ADC_HandleTypeDef **'
 1935 | HAL_StatusTypeDef       HAL_ADC_Start(ADC_HandleTypeDef *hadc);
      |                                       ~~~~~~~~~~~~~~~~~~~^~~~
../Core/Src/main.c:69:35: warning: passing argument 1 of 'HAL_ADC_PollForConversion' from incompatible pointer type [-Wincompatible-pointer-types]
   69 |         HAL_ADC_PollForConversion(&hadc1, HAL_MAX_DELAY);
      |                                   ^~~~~~
      |                                   |
      |                                   ADC_HandleTypeDef **
In file included from ../Core/Inc/stm32l4xx_hal_conf.h:278,
                 from ../Drivers/STM32L4xx_HAL_Driver/Inc/stm32l4xx_hal.h:29,
                 from ../Core/Inc/main.h:30,
                 from ../Core/Src/main.c:20:
../Drivers/STM32L4xx_HAL_Driver/Inc/stm32l4xx_hal_adc.h:1937:70: note: expected 'ADC_HandleTypeDef *' but argument is of type 'ADC_HandleTypeDef **'
 1937 | HAL_StatusTypeDef       HAL_ADC_PollForConversion(ADC_HandleTypeDef *hadc, uint32_t Timeout);
      |                                                   ~~~~~~~~~~~~~~~~~~~^~~~
../Core/Src/main.c:70:40: warning: passing argument 1 of 'HAL_ADC_GetValue' from incompatible pointer type [-Wincompatible-pointer-types]
   70 |         analogValue = HAL_ADC_GetValue(&hadc1);
      |                                        ^~~~~~
      |                                        |
      |                                        ADC_HandleTypeDef **
In file included from ../Core/Inc/stm32l4xx_hal_conf.h:278,
                 from ../Drivers/STM32L4xx_HAL_Driver/Inc/stm32l4xx_hal.h:29,
                 from ../Core/Inc/main.h:30,
                 from ../Core/Src/main.c:20:
../Drivers/STM32L4xx_HAL_Driver/Inc/stm32l4xx_hal_adc.h:1949:67: note: expected 'const ADC_HandleTypeDef *' but argument is of type 'ADC_HandleTypeDef **'
 1949 | uint32_t                HAL_ADC_GetValue(const ADC_HandleTypeDef *hadc);
      |                                          ~~~~~~~~~~~~~~~~~~~~~~~~~^~~~
../Core/Src/main.c: In function 'main':
../Core/Src/main.c:165:27: warning: passing argument 3 of 'lcd_print' discards 'const' qualifier from pointer target type [-Wdiscarded-qualifiers]
  165 |           lcd_print(1, 1, button);
      |                           ^~~~~~
In file included from ../Core/Src/main.c:25:
../Core/Inc/lcd.h:33:63: note: expected 'char *' but argument is of type 'const char *'
   33 | void lcd_print(unsigned char row, unsigned char column, char *out_char);
      |                                                         ~~~~~~^~~~~~~~
../Core/Src/main.c:143:7: warning: unused variable 'liczba' [-Wunused-variable]
  143 |   int liczba = 10;
      |       ^~~~~~
../Core/Src/main.c:141:7: warning: unused variable 'zakres_gorny' [-Wunused-variable]
  141 |   int zakres_gorny = 10;
      |       ^~~~~~~~~~~~
../Core/Src/main.c:140:7: warning: unused variable 'zakres_dolny' [-Wunused-variable]
  140 |   int zakres_dolny = -10;
      |       ^~~~~~~~~~~~
../Core/Src/main.c:139:9: warning: unused variable 'napiecie' [-Wunused-variable]
  139 |   float napiecie;
      |         ^~~~~~~~
../Core/Src/main.c:138:8: warning: unused variable 'buff' [-Wunused-variable]
  138 |   char buff[10];
      |        ^~~~
../Core/Src/main.c:135:8: warning: unused variable 'analog' [-Wunused-variable]
  135 |   char analog[10];
      |        ^~~~~~
arm-none-eabi-gcc -o "projekt.elf" @"objects.list"   -mcpu=cortex-m4 -T"C:\Users\wojte\Desktop\zajecia\ak\projekt\STM32L476RGTX_FLASH.ld" --specs=nosys.specs -Wl,-Map="projekt.map" -Wl,--gc-sections -static --specs=nano.specs -mfpu=fpv4-sp-d16 -mfloat-abi=hard -mthumb -Wl,--start-group -lc -lm -Wl,--end-group
C:/ST/STM32CubeIDE_1.14.1/STM32CubeIDE/plugins/com.st.stm32cube.ide.mcu.externaltools.gnu-tools-for-stm32.11.3.rel1.win32_1.1.100.202309141235/tools/bin/../lib/gcc/arm-none-eabi/11.3.1/../../../../arm-none-eabi/bin/ld.exe: C:/ST/STM32CubeIDE_1.14.1/STM32CubeIDE/plugins/com.st.stm32cube.ide.mcu.externaltools.gnu-tools-for-stm32.11.3.rel1.win32_1.1.100.202309141235/tools/bin/../lib/gcc/arm-none-eabi/11.3.1/../../../../arm-none-eabi/lib/thumb/v7e-m+fp/hard\libc_nano.a(libc_a-gettimeofdayr.o): in function `_gettimeofday_r':
(.text._gettimeofday_r+0xe): warning: _gettimeofday is not implemented and will always fail
Finished building target: projekt.elf
 
arm-none-eabi-size  projekt.elf 
arm-none-eabi-objdump -h -S projekt.elf  > "projekt.list"
   text	   data	    bss	    dec	    hex	filename
  20444	    112	   2008	  22564	   5824	projekt.elf
Finished building: default.size.stdout
 
Finished building: projekt.list
 
16:07:40 **** Incremental Build of configuration Debug for project projekt ****
make -j12 all 
arm-none-eabi-gcc "../Core/Src/main.c" -mcpu=cortex-m4 -std=gnu11 -g3 -DDEBUG -DUSE_HAL_DRIVER -DSTM32L476xx -c -I../Core/Inc -I../Drivers/STM32L4xx_HAL_Driver/Inc -I../Drivers/STM32L4xx_HAL_Driver/Inc/Legacy -I../Drivers/CMSIS/Device/ST/STM32L4xx/Include -I../Drivers/CMSIS/Include -O0 -ffunction-sections -fdata-sections -Wall -fstack-usage -fcyclomatic-complexity -MMD -MP -MF"Core/Src/main.d" -MT"Core/Src/main.o" --specs=nano.specs -mfpu=fpv4-sp-d16 -mfloat-abi=hard -mthumb -o "Core/Src/main.o"
../Core/Src/main.c: In function 'przycisk':
../Core/Src/main.c:68:23: warning: passing argument 1 of 'HAL_ADC_Start' from incompatible pointer type [-Wincompatible-pointer-types]
   68 |         HAL_ADC_Start(&hadc1);
      |                       ^~~~~~
      |                       |
      |                       ADC_HandleTypeDef **
In file included from ../Core/Inc/stm32l4xx_hal_conf.h:278,
                 from ../Drivers/STM32L4xx_HAL_Driver/Inc/stm32l4xx_hal.h:29,
                 from ../Core/Inc/main.h:30,
                 from ../Core/Src/main.c:20:
../Drivers/STM32L4xx_HAL_Driver/Inc/stm32l4xx_hal_adc.h:1935:58: note: expected 'ADC_HandleTypeDef *' but argument is of type 'ADC_HandleTypeDef **'
 1935 | HAL_StatusTypeDef       HAL_ADC_Start(ADC_HandleTypeDef *hadc);
      |                                       ~~~~~~~~~~~~~~~~~~~^~~~
../Core/Src/main.c:69:35: warning: passing argument 1 of 'HAL_ADC_PollForConversion' from incompatible pointer type [-Wincompatible-pointer-types]
   69 |         HAL_ADC_PollForConversion(&hadc1, HAL_MAX_DELAY);
      |                                   ^~~~~~
      |                                   |
      |                                   ADC_HandleTypeDef **
In file included from ../Core/Inc/stm32l4xx_hal_conf.h:278,
                 from ../Drivers/STM32L4xx_HAL_Driver/Inc/stm32l4xx_hal.h:29,
                 from ../Core/Inc/main.h:30,
                 from ../Core/Src/main.c:20:
../Drivers/STM32L4xx_HAL_Driver/Inc/stm32l4xx_hal_adc.h:1937:70: note: expected 'ADC_HandleTypeDef *' but argument is of type 'ADC_HandleTypeDef **'
 1937 | HAL_StatusTypeDef       HAL_ADC_PollForConversion(ADC_HandleTypeDef *hadc, uint32_t Timeout);
      |                                                   ~~~~~~~~~~~~~~~~~~~^~~~
../Core/Src/main.c:70:40: warning: passing argument 1 of 'HAL_ADC_GetValue' from incompatible pointer type [-Wincompatible-pointer-types]
   70 |         analogValue = HAL_ADC_GetValue(&hadc1);
      |                                        ^~~~~~
      |                                        |
      |                                        ADC_HandleTypeDef **
In file included from ../Core/Inc/stm32l4xx_hal_conf.h:278,
                 from ../Drivers/STM32L4xx_HAL_Driver/Inc/stm32l4xx_hal.h:29,
                 from ../Core/Inc/main.h:30,
                 from ../Core/Src/main.c:20:
../Drivers/STM32L4xx_HAL_Driver/Inc/stm32l4xx_hal_adc.h:1949:67: note: expected 'const ADC_HandleTypeDef *' but argument is of type 'ADC_HandleTypeDef **'
 1949 | uint32_t                HAL_ADC_GetValue(const ADC_HandleTypeDef *hadc);
      |                                          ~~~~~~~~~~~~~~~~~~~~~~~~~^~~~
../Core/Src/main.c: In function 'main':
../Core/Src/main.c:164:43: error: expected ')' before ';' token
  164 |           lcd_print(1, 1, przycisk(&hadc1);
      |                    ~                      ^
      |                                           )
../Core/Src/main.c:164:27: warning: passing argument 3 of 'lcd_print' discards 'const' qualifier from pointer target type [-Wdiscarded-qualifiers]
  164 |           lcd_print(1, 1, przycisk(&hadc1);
      |                           ^~~~~~~~~~~~~~~~
In file included from ../Core/Src/main.c:25:
../Core/Inc/lcd.h:33:63: note: expected 'char *' but argument is of type 'const char *'
   33 | void lcd_print(unsigned char row, unsigned char column, char *out_char);
      |                                                         ~~~~~~^~~~~~~~
../Core/Src/main.c:165:26: error: expected ';' before '}' token
  165 |           HAL_Delay(100);
      |                          ^
      |                          ;
......
  197 |   }
      |   ~                       
../Core/Src/main.c:142:7: warning: unused variable 'liczba' [-Wunused-variable]
  142 |   int liczba = 10;
      |       ^~~~~~
../Core/Src/main.c:140:7: warning: unused variable 'zakres_gorny' [-Wunused-variable]
  140 |   int zakres_gorny = 10;
      |       ^~~~~~~~~~~~
../Core/Src/main.c:139:7: warning: unused variable 'zakres_dolny' [-Wunused-variable]
  139 |   int zakres_dolny = -10;
      |       ^~~~~~~~~~~~
../Core/Src/main.c:137:8: warning: unused variable 'buff' [-Wunused-variable]
  137 |   char buff[10];
      |        ^~~~
make: *** [Core/Src/subdir.mk:37: Core/Src/main.o] Error 1
"make -j12 all" terminated with exit code 2. Build might be incomplete.
16:07:53 **** Incremental Build of configuration Debug for project projekt ****
make -j12 all 
arm-none-eabi-gcc "../Core/Src/main.c" -mcpu=cortex-m4 -std=gnu11 -g3 -DDEBUG -DUSE_HAL_DRIVER -DSTM32L476xx -c -I../Core/Inc -I../Drivers/STM32L4xx_HAL_Driver/Inc -I../Drivers/STM32L4xx_HAL_Driver/Inc/Legacy -I../Drivers/CMSIS/Device/ST/STM32L4xx/Include -I../Drivers/CMSIS/Include -O0 -ffunction-sections -fdata-sections -Wall -fstack-usage -fcyclomatic-complexity -MMD -MP -MF"Core/Src/main.d" -MT"Core/Src/main.o" --specs=nano.specs -mfpu=fpv4-sp-d16 -mfloat-abi=hard -mthumb -o "Core/Src/main.o"
../Core/Src/main.c: In function 'przycisk':
../Core/Src/main.c:68:23: warning: passing argument 1 of 'HAL_ADC_Start' from incompatible pointer type [-Wincompatible-pointer-types]
   68 |         HAL_ADC_Start(&hadc1);
      |                       ^~~~~~
      |                       |
      |                       ADC_HandleTypeDef **
In file included from ../Core/Inc/stm32l4xx_hal_conf.h:278,
                 from ../Drivers/STM32L4xx_HAL_Driver/Inc/stm32l4xx_hal.h:29,
                 from ../Core/Inc/main.h:30,
                 from ../Core/Src/main.c:20:
../Drivers/STM32L4xx_HAL_Driver/Inc/stm32l4xx_hal_adc.h:1935:58: note: expected 'ADC_HandleTypeDef *' but argument is of type 'ADC_HandleTypeDef **'
 1935 | HAL_StatusTypeDef       HAL_ADC_Start(ADC_HandleTypeDef *hadc);
      |                                       ~~~~~~~~~~~~~~~~~~~^~~~
../Core/Src/main.c:69:35: warning: passing argument 1 of 'HAL_ADC_PollForConversion' from incompatible pointer type [-Wincompatible-pointer-types]
   69 |         HAL_ADC_PollForConversion(&hadc1, HAL_MAX_DELAY);
      |                                   ^~~~~~
      |                                   |
      |                                   ADC_HandleTypeDef **
In file included from ../Core/Inc/stm32l4xx_hal_conf.h:278,
                 from ../Drivers/STM32L4xx_HAL_Driver/Inc/stm32l4xx_hal.h:29,
                 from ../Core/Inc/main.h:30,
                 from ../Core/Src/main.c:20:
../Drivers/STM32L4xx_HAL_Driver/Inc/stm32l4xx_hal_adc.h:1937:70: note: expected 'ADC_HandleTypeDef *' but argument is of type 'ADC_HandleTypeDef **'
 1937 | HAL_StatusTypeDef       HAL_ADC_PollForConversion(ADC_HandleTypeDef *hadc, uint32_t Timeout);
      |                                                   ~~~~~~~~~~~~~~~~~~~^~~~
../Core/Src/main.c:70:40: warning: passing argument 1 of 'HAL_ADC_GetValue' from incompatible pointer type [-Wincompatible-pointer-types]
   70 |         analogValue = HAL_ADC_GetValue(&hadc1);
      |                                        ^~~~~~
      |                                        |
      |                                        ADC_HandleTypeDef **
In file included from ../Core/Inc/stm32l4xx_hal_conf.h:278,
                 from ../Drivers/STM32L4xx_HAL_Driver/Inc/stm32l4xx_hal.h:29,
                 from ../Core/Inc/main.h:30,
                 from ../Core/Src/main.c:20:
../Drivers/STM32L4xx_HAL_Driver/Inc/stm32l4xx_hal_adc.h:1949:67: note: expected 'const ADC_HandleTypeDef *' but argument is of type 'ADC_HandleTypeDef **'
 1949 | uint32_t                HAL_ADC_GetValue(const ADC_HandleTypeDef *hadc);
      |                                          ~~~~~~~~~~~~~~~~~~~~~~~~~^~~~
../Core/Src/main.c: In function 'main':
../Core/Src/main.c:164:27: warning: passing argument 3 of 'lcd_print' discards 'const' qualifier from pointer target type [-Wdiscarded-qualifiers]
  164 |           lcd_print(1, 1, przycisk(&hadc1));
      |                           ^~~~~~~~~~~~~~~~
In file included from ../Core/Src/main.c:25:
../Core/Inc/lcd.h:33:63: note: expected 'char *' but argument is of type 'const char *'
   33 | void lcd_print(unsigned char row, unsigned char column, char *out_char);
      |                                                         ~~~~~~^~~~~~~~
../Core/Src/main.c:142:7: warning: unused variable 'liczba' [-Wunused-variable]
  142 |   int liczba = 10;
      |       ^~~~~~
../Core/Src/main.c:140:7: warning: unused variable 'zakres_gorny' [-Wunused-variable]
  140 |   int zakres_gorny = 10;
      |       ^~~~~~~~~~~~
../Core/Src/main.c:139:7: warning: unused variable 'zakres_dolny' [-Wunused-variable]
  139 |   int zakres_dolny = -10;
      |       ^~~~~~~~~~~~
../Core/Src/main.c:137:8: warning: unused variable 'buff' [-Wunused-variable]
  137 |   char buff[10];
      |        ^~~~
arm-none-eabi-gcc -o "projekt.elf" @"objects.list"   -mcpu=cortex-m4 -T"C:\Users\wojte\Desktop\zajecia\ak\projekt\STM32L476RGTX_FLASH.ld" --specs=nosys.specs -Wl,-Map="projekt.map" -Wl,--gc-sections -static --specs=nano.specs -mfpu=fpv4-sp-d16 -mfloat-abi=hard -mthumb -Wl,--start-group -lc -lm -Wl,--end-group
C:/ST/STM32CubeIDE_1.14.1/STM32CubeIDE/plugins/com.st.stm32cube.ide.mcu.externaltools.gnu-tools-for-stm32.11.3.rel1.win32_1.1.100.202309141235/tools/bin/../lib/gcc/arm-none-eabi/11.3.1/../../../../arm-none-eabi/bin/ld.exe: C:/ST/STM32CubeIDE_1.14.1/STM32CubeIDE/plugins/com.st.stm32cube.ide.mcu.externaltools.gnu-tools-for-stm32.11.3.rel1.win32_1.1.100.202309141235/tools/bin/../lib/gcc/arm-none-eabi/11.3.1/../../../../arm-none-eabi/lib/thumb/v7e-m+fp/hard\libc_nano.a(libc_a-gettimeofdayr.o): in function `_gettimeofday_r':
(.text._gettimeofday_r+0xe): warning: _gettimeofday is not implemented and will always fail
Finished building target: projekt.elf
 
arm-none-eabi-size  projekt.elf 
arm-none-eabi-objdump -h -S projekt.elf  > "projekt.list"
   text	   data	    bss	    dec	    hex	filename
  20444	    112	   2008	  22564	   5824	projekt.elf
Finished building: default.size.stdout
 
Finished building: projekt.list
 
16:08:56 **** Incremental Build of configuration Debug for project projekt ****
make -j12 all 
arm-none-eabi-gcc "../Core/Src/main.c" -mcpu=cortex-m4 -std=gnu11 -g3 -DDEBUG -DUSE_HAL_DRIVER -DSTM32L476xx -c -I../Core/Inc -I../Drivers/STM32L4xx_HAL_Driver/Inc -I../Drivers/STM32L4xx_HAL_Driver/Inc/Legacy -I../Drivers/CMSIS/Device/ST/STM32L4xx/Include -I../Drivers/CMSIS/Include -O0 -ffunction-sections -fdata-sections -Wall -fstack-usage -fcyclomatic-complexity -MMD -MP -MF"Core/Src/main.d" -MT"Core/Src/main.o" --specs=nano.specs -mfpu=fpv4-sp-d16 -mfloat-abi=hard -mthumb -o "Core/Src/main.o"
../Core/Src/main.c: In function 'przycisk':
../Core/Src/main.c:68:23: warning: passing argument 1 of 'HAL_ADC_Start' from incompatible pointer type [-Wincompatible-pointer-types]
   68 |         HAL_ADC_Start(&hadc1);
      |                       ^~~~~~
      |                       |
      |                       ADC_HandleTypeDef **
In file included from ../Core/Inc/stm32l4xx_hal_conf.h:278,
                 from ../Drivers/STM32L4xx_HAL_Driver/Inc/stm32l4xx_hal.h:29,
                 from ../Core/Inc/main.h:30,
                 from ../Core/Src/main.c:20:
../Drivers/STM32L4xx_HAL_Driver/Inc/stm32l4xx_hal_adc.h:1935:58: note: expected 'ADC_HandleTypeDef *' but argument is of type 'ADC_HandleTypeDef **'
 1935 | HAL_StatusTypeDef       HAL_ADC_Start(ADC_HandleTypeDef *hadc);
      |                                       ~~~~~~~~~~~~~~~~~~~^~~~
../Core/Src/main.c:69:35: warning: passing argument 1 of 'HAL_ADC_PollForConversion' from incompatible pointer type [-Wincompatible-pointer-types]
   69 |         HAL_ADC_PollForConversion(&hadc1, HAL_MAX_DELAY);
      |                                   ^~~~~~
      |                                   |
      |                                   ADC_HandleTypeDef **
In file included from ../Core/Inc/stm32l4xx_hal_conf.h:278,
                 from ../Drivers/STM32L4xx_HAL_Driver/Inc/stm32l4xx_hal.h:29,
                 from ../Core/Inc/main.h:30,
                 from ../Core/Src/main.c:20:
../Drivers/STM32L4xx_HAL_Driver/Inc/stm32l4xx_hal_adc.h:1937:70: note: expected 'ADC_HandleTypeDef *' but argument is of type 'ADC_HandleTypeDef **'
 1937 | HAL_StatusTypeDef       HAL_ADC_PollForConversion(ADC_HandleTypeDef *hadc, uint32_t Timeout);
      |                                                   ~~~~~~~~~~~~~~~~~~~^~~~
../Core/Src/main.c:70:40: warning: passing argument 1 of 'HAL_ADC_GetValue' from incompatible pointer type [-Wincompatible-pointer-types]
   70 |         analogValue = HAL_ADC_GetValue(&hadc1);
      |                                        ^~~~~~
      |                                        |
      |                                        ADC_HandleTypeDef **
In file included from ../Core/Inc/stm32l4xx_hal_conf.h:278,
                 from ../Drivers/STM32L4xx_HAL_Driver/Inc/stm32l4xx_hal.h:29,
                 from ../Core/Inc/main.h:30,
                 from ../Core/Src/main.c:20:
../Drivers/STM32L4xx_HAL_Driver/Inc/stm32l4xx_hal_adc.h:1949:67: note: expected 'const ADC_HandleTypeDef *' but argument is of type 'ADC_HandleTypeDef **'
 1949 | uint32_t                HAL_ADC_GetValue(const ADC_HandleTypeDef *hadc);
      |                                          ~~~~~~~~~~~~~~~~~~~~~~~~~^~~~
../Core/Src/main.c: In function 'main':
../Core/Src/main.c:142:7: warning: unused variable 'liczba' [-Wunused-variable]
  142 |   int liczba = 10;
      |       ^~~~~~
../Core/Src/main.c:140:7: warning: unused variable 'zakres_gorny' [-Wunused-variable]
  140 |   int zakres_gorny = 10;
      |       ^~~~~~~~~~~~
../Core/Src/main.c:139:7: warning: unused variable 'zakres_dolny' [-Wunused-variable]
  139 |   int zakres_dolny = -10;
      |       ^~~~~~~~~~~~
../Core/Src/main.c:137:8: warning: unused variable 'buff' [-Wunused-variable]
  137 |   char buff[10];
      |        ^~~~
arm-none-eabi-gcc -o "projekt.elf" @"objects.list"   -mcpu=cortex-m4 -T"C:\Users\wojte\Desktop\zajecia\ak\projekt\STM32L476RGTX_FLASH.ld" --specs=nosys.specs -Wl,-Map="projekt.map" -Wl,--gc-sections -static --specs=nano.specs -mfpu=fpv4-sp-d16 -mfloat-abi=hard -mthumb -Wl,--start-group -lc -lm -Wl,--end-group
C:/ST/STM32CubeIDE_1.14.1/STM32CubeIDE/plugins/com.st.stm32cube.ide.mcu.externaltools.gnu-tools-for-stm32.11.3.rel1.win32_1.1.100.202309141235/tools/bin/../lib/gcc/arm-none-eabi/11.3.1/../../../../arm-none-eabi/bin/ld.exe: C:/ST/STM32CubeIDE_1.14.1/STM32CubeIDE/plugins/com.st.stm32cube.ide.mcu.externaltools.gnu-tools-for-stm32.11.3.rel1.win32_1.1.100.202309141235/tools/bin/../lib/gcc/arm-none-eabi/11.3.1/../../../../arm-none-eabi/lib/thumb/v7e-m+fp/hard\libc_nano.a(libc_a-gettimeofdayr.o): in function `_gettimeofday_r':
(.text._gettimeofday_r+0xe): warning: _gettimeofday is not implemented and will always fail
Finished building target: projekt.elf
 
arm-none-eabi-size  projekt.elf 
arm-none-eabi-objdump -h -S projekt.elf  > "projekt.list"
   text	   data	    bss	    dec	    hex	filename
  20444	    112	   2008	  22564	   5824	projekt.elf
Finished building: default.size.stdout
 
Finished building: projekt.list
 
16:09:44 **** Incremental Build of configuration Debug for project projekt ****
make -j12 all 
arm-none-eabi-gcc "../Core/Src/main.c" -mcpu=cortex-m4 -std=gnu11 -g3 -DDEBUG -DUSE_HAL_DRIVER -DSTM32L476xx -c -I../Core/Inc -I../Drivers/STM32L4xx_HAL_Driver/Inc -I../Drivers/STM32L4xx_HAL_Driver/Inc/Legacy -I../Drivers/CMSIS/Device/ST/STM32L4xx/Include -I../Drivers/CMSIS/Include -O0 -ffunction-sections -fdata-sections -Wall -fstack-usage -fcyclomatic-complexity -MMD -MP -MF"Core/Src/main.d" -MT"Core/Src/main.o" --specs=nano.specs -mfpu=fpv4-sp-d16 -mfloat-abi=hard -mthumb -o "Core/Src/main.o"
../Core/Src/main.c: In function 'przycisk':
../Core/Src/main.c:68:23: warning: passing argument 1 of 'HAL_ADC_Start' from incompatible pointer type [-Wincompatible-pointer-types]
   68 |         HAL_ADC_Start(&hadc1);
      |                       ^~~~~~
      |                       |
      |                       ADC_HandleTypeDef **
In file included from ../Core/Inc/stm32l4xx_hal_conf.h:278,
                 from ../Drivers/STM32L4xx_HAL_Driver/Inc/stm32l4xx_hal.h:29,
                 from ../Core/Inc/main.h:30,
                 from ../Core/Src/main.c:20:
../Drivers/STM32L4xx_HAL_Driver/Inc/stm32l4xx_hal_adc.h:1935:58: note: expected 'ADC_HandleTypeDef *' but argument is of type 'ADC_HandleTypeDef **'
 1935 | HAL_StatusTypeDef       HAL_ADC_Start(ADC_HandleTypeDef *hadc);
      |                                       ~~~~~~~~~~~~~~~~~~~^~~~
../Core/Src/main.c:69:35: warning: passing argument 1 of 'HAL_ADC_PollForConversion' from incompatible pointer type [-Wincompatible-pointer-types]
   69 |         HAL_ADC_PollForConversion(&hadc1, HAL_MAX_DELAY);
      |                                   ^~~~~~
      |                                   |
      |                                   ADC_HandleTypeDef **
In file included from ../Core/Inc/stm32l4xx_hal_conf.h:278,
                 from ../Drivers/STM32L4xx_HAL_Driver/Inc/stm32l4xx_hal.h:29,
                 from ../Core/Inc/main.h:30,
                 from ../Core/Src/main.c:20:
../Drivers/STM32L4xx_HAL_Driver/Inc/stm32l4xx_hal_adc.h:1937:70: note: expected 'ADC_HandleTypeDef *' but argument is of type 'ADC_HandleTypeDef **'
 1937 | HAL_StatusTypeDef       HAL_ADC_PollForConversion(ADC_HandleTypeDef *hadc, uint32_t Timeout);
      |                                                   ~~~~~~~~~~~~~~~~~~~^~~~
../Core/Src/main.c:70:40: warning: passing argument 1 of 'HAL_ADC_GetValue' from incompatible pointer type [-Wincompatible-pointer-types]
   70 |         analogValue = HAL_ADC_GetValue(&hadc1);
      |                                        ^~~~~~
      |                                        |
      |                                        ADC_HandleTypeDef **
In file included from ../Core/Inc/stm32l4xx_hal_conf.h:278,
                 from ../Drivers/STM32L4xx_HAL_Driver/Inc/stm32l4xx_hal.h:29,
                 from ../Core/Inc/main.h:30,
                 from ../Core/Src/main.c:20:
../Drivers/STM32L4xx_HAL_Driver/Inc/stm32l4xx_hal_adc.h:1949:67: note: expected 'const ADC_HandleTypeDef *' but argument is of type 'ADC_HandleTypeDef **'
 1949 | uint32_t                HAL_ADC_GetValue(const ADC_HandleTypeDef *hadc);
      |                                          ~~~~~~~~~~~~~~~~~~~~~~~~~^~~~
../Core/Src/main.c: In function 'main':
../Core/Src/main.c:143:7: warning: unused variable 'liczba' [-Wunused-variable]
  143 |   int liczba = 10;
      |       ^~~~~~
../Core/Src/main.c:141:7: warning: unused variable 'zakres_gorny' [-Wunused-variable]
  141 |   int zakres_gorny = 10;
      |       ^~~~~~~~~~~~
../Core/Src/main.c:140:7: warning: unused variable 'zakres_dolny' [-Wunused-variable]
  140 |   int zakres_dolny = -10;
      |       ^~~~~~~~~~~~
../Core/Src/main.c:138:8: warning: unused variable 'buff' [-Wunused-variable]
  138 |   char buff[10];
      |        ^~~~
arm-none-eabi-gcc -o "projekt.elf" @"objects.list"   -mcpu=cortex-m4 -T"C:\Users\wojte\Desktop\zajecia\ak\projekt\STM32L476RGTX_FLASH.ld" --specs=nosys.specs -Wl,-Map="projekt.map" -Wl,--gc-sections -static --specs=nano.specs -mfpu=fpv4-sp-d16 -mfloat-abi=hard -mthumb -Wl,--start-group -lc -lm -Wl,--end-group
C:/ST/STM32CubeIDE_1.14.1/STM32CubeIDE/plugins/com.st.stm32cube.ide.mcu.externaltools.gnu-tools-for-stm32.11.3.rel1.win32_1.1.100.202309141235/tools/bin/../lib/gcc/arm-none-eabi/11.3.1/../../../../arm-none-eabi/bin/ld.exe: C:/ST/STM32CubeIDE_1.14.1/STM32CubeIDE/plugins/com.st.stm32cube.ide.mcu.externaltools.gnu-tools-for-stm32.11.3.rel1.win32_1.1.100.202309141235/tools/bin/../lib/gcc/arm-none-eabi/11.3.1/../../../../arm-none-eabi/lib/thumb/v7e-m+fp/hard\libc_nano.a(libc_a-gettimeofdayr.o): in function `_gettimeofday_r':
(.text._gettimeofday_r+0xe): warning: _gettimeofday is not implemented and will always fail
Finished building target: projekt.elf
 
arm-none-eabi-size  projekt.elf 
arm-none-eabi-objdump -h -S projekt.elf  > "projekt.list"
   text	   data	    bss	    dec	    hex	filename
  20448	    112	   2008	  22568	   5828	projekt.elf
Finished building: default.size.stdout
 
Finished building: projekt.list
 
16:13:50 **** Incremental Build of configuration Debug for project projekt ****
make -j12 all 
arm-none-eabi-gcc "../Core/Src/main.c" -mcpu=cortex-m4 -std=gnu11 -g3 -DDEBUG -DUSE_HAL_DRIVER -DSTM32L476xx -c -I../Core/Inc -I../Drivers/STM32L4xx_HAL_Driver/Inc -I../Drivers/STM32L4xx_HAL_Driver/Inc/Legacy -I../Drivers/CMSIS/Device/ST/STM32L4xx/Include -I../Drivers/CMSIS/Include -O0 -ffunction-sections -fdata-sections -Wall -fstack-usage -fcyclomatic-complexity -MMD -MP -MF"Core/Src/main.d" -MT"Core/Src/main.o" --specs=nano.specs -mfpu=fpv4-sp-d16 -mfloat-abi=hard -mthumb -o "Core/Src/main.o"
../Core/Src/main.c: In function 'main':
../Core/Src/main.c:142:7: warning: unused variable 'liczba' [-Wunused-variable]
  142 |   int liczba = 10;
      |       ^~~~~~
../Core/Src/main.c:140:7: warning: unused variable 'zakres_gorny' [-Wunused-variable]
  140 |   int zakres_gorny = 10;
      |       ^~~~~~~~~~~~
../Core/Src/main.c:139:7: warning: unused variable 'zakres_dolny' [-Wunused-variable]
  139 |   int zakres_dolny = -10;
      |       ^~~~~~~~~~~~
../Core/Src/main.c:137:8: warning: unused variable 'buff' [-Wunused-variable]
  137 |   char buff[10];
      |        ^~~~
arm-none-eabi-gcc -o "projekt.elf" @"objects.list"   -mcpu=cortex-m4 -T"C:\Users\wojte\Desktop\zajecia\ak\projekt\STM32L476RGTX_FLASH.ld" --specs=nosys.specs -Wl,-Map="projekt.map" -Wl,--gc-sections -static --specs=nano.specs -mfpu=fpv4-sp-d16 -mfloat-abi=hard -mthumb -Wl,--start-group -lc -lm -Wl,--end-group
C:/ST/STM32CubeIDE_1.14.1/STM32CubeIDE/plugins/com.st.stm32cube.ide.mcu.externaltools.gnu-tools-for-stm32.11.3.rel1.win32_1.1.100.202309141235/tools/bin/../lib/gcc/arm-none-eabi/11.3.1/../../../../arm-none-eabi/bin/ld.exe: C:/ST/STM32CubeIDE_1.14.1/STM32CubeIDE/plugins/com.st.stm32cube.ide.mcu.externaltools.gnu-tools-for-stm32.11.3.rel1.win32_1.1.100.202309141235/tools/bin/../lib/gcc/arm-none-eabi/11.3.1/../../../../arm-none-eabi/lib/thumb/v7e-m+fp/hard\libc_nano.a(libc_a-gettimeofdayr.o): in function `_gettimeofday_r':
(.text._gettimeofday_r+0xe): warning: _gettimeofday is not implemented and will always fail
Finished building target: projekt.elf
 
arm-none-eabi-size  projekt.elf 
arm-none-eabi-objdump -h -S projekt.elf  > "projekt.list"
   text	   data	    bss	    dec	    hex	filename
  20444	    112	   2008	  22564	   5824	projekt.elf
Finished building: default.size.stdout
 
Finished building: projekt.list
 
16:14:08 **** Incremental Build of configuration Debug for project projekt ****
make -j12 all 
arm-none-eabi-gcc "../Core/Src/main.c" -mcpu=cortex-m4 -std=gnu11 -g3 -DDEBUG -DUSE_HAL_DRIVER -DSTM32L476xx -c -I../Core/Inc -I../Drivers/STM32L4xx_HAL_Driver/Inc -I../Drivers/STM32L4xx_HAL_Driver/Inc/Legacy -I../Drivers/CMSIS/Device/ST/STM32L4xx/Include -I../Drivers/CMSIS/Include -O0 -ffunction-sections -fdata-sections -Wall -fstack-usage -fcyclomatic-complexity -MMD -MP -MF"Core/Src/main.d" -MT"Core/Src/main.o" --specs=nano.specs -mfpu=fpv4-sp-d16 -mfloat-abi=hard -mthumb -o "Core/Src/main.o"
../Core/Src/main.c: In function 'main':
../Core/Src/main.c:142:7: warning: unused variable 'liczba' [-Wunused-variable]
  142 |   int liczba = 10;
      |       ^~~~~~
../Core/Src/main.c:140:7: warning: unused variable 'zakres_gorny' [-Wunused-variable]
  140 |   int zakres_gorny = 10;
      |       ^~~~~~~~~~~~
../Core/Src/main.c:139:7: warning: unused variable 'zakres_dolny' [-Wunused-variable]
  139 |   int zakres_dolny = -10;
      |       ^~~~~~~~~~~~
../Core/Src/main.c:137:8: warning: unused variable 'buff' [-Wunused-variable]
  137 |   char buff[10];
      |        ^~~~
arm-none-eabi-gcc -o "projekt.elf" @"objects.list"   -mcpu=cortex-m4 -T"C:\Users\wojte\Desktop\zajecia\ak\projekt\STM32L476RGTX_FLASH.ld" --specs=nosys.specs -Wl,-Map="projekt.map" -Wl,--gc-sections -static --specs=nano.specs -mfpu=fpv4-sp-d16 -mfloat-abi=hard -mthumb -Wl,--start-group -lc -lm -Wl,--end-group
C:/ST/STM32CubeIDE_1.14.1/STM32CubeIDE/plugins/com.st.stm32cube.ide.mcu.externaltools.gnu-tools-for-stm32.11.3.rel1.win32_1.1.100.202309141235/tools/bin/../lib/gcc/arm-none-eabi/11.3.1/../../../../arm-none-eabi/bin/ld.exe: C:/ST/STM32CubeIDE_1.14.1/STM32CubeIDE/plugins/com.st.stm32cube.ide.mcu.externaltools.gnu-tools-for-stm32.11.3.rel1.win32_1.1.100.202309141235/tools/bin/../lib/gcc/arm-none-eabi/11.3.1/../../../../arm-none-eabi/lib/thumb/v7e-m+fp/hard\libc_nano.a(libc_a-gettimeofdayr.o): in function `_gettimeofday_r':
(.text._gettimeofday_r+0xe): warning: _gettimeofday is not implemented and will always fail
Finished building target: projekt.elf
 
arm-none-eabi-size  projekt.elf 
arm-none-eabi-objdump -h -S projekt.elf  > "projekt.list"
   text	   data	    bss	    dec	    hex	filename
  20436	    112	   2008	  22556	   581c	projekt.elf
Finished building: default.size.stdout
 
Finished building: projekt.list
 
16:16:15 **** Incremental Build of configuration Debug for project projekt ****
make -j12 all 
arm-none-eabi-gcc "../Core/Src/main.c" -mcpu=cortex-m4 -std=gnu11 -g3 -DDEBUG -DUSE_HAL_DRIVER -DSTM32L476xx -c -I../Core/Inc -I../Drivers/STM32L4xx_HAL_Driver/Inc -I../Drivers/STM32L4xx_HAL_Driver/Inc/Legacy -I../Drivers/CMSIS/Device/ST/STM32L4xx/Include -I../Drivers/CMSIS/Include -O0 -ffunction-sections -fdata-sections -Wall -fstack-usage -fcyclomatic-complexity -MMD -MP -MF"Core/Src/main.d" -MT"Core/Src/main.o" --specs=nano.specs -mfpu=fpv4-sp-d16 -mfloat-abi=hard -mthumb -o "Core/Src/main.o"
../Core/Src/main.c: In function 'przycisk':
../Core/Src/main.c:68:23: warning: passing argument 1 of 'HAL_ADC_Start' from incompatible pointer type [-Wincompatible-pointer-types]
   68 |         HAL_ADC_Start(&hadc1);
      |                       ^~~~~~
      |                       |
      |                       ADC_HandleTypeDef **
In file included from ../Core/Inc/stm32l4xx_hal_conf.h:278,
                 from ../Drivers/STM32L4xx_HAL_Driver/Inc/stm32l4xx_hal.h:29,
                 from ../Core/Inc/main.h:30,
                 from ../Core/Src/main.c:20:
../Drivers/STM32L4xx_HAL_Driver/Inc/stm32l4xx_hal_adc.h:1935:58: note: expected 'ADC_HandleTypeDef *' but argument is of type 'ADC_HandleTypeDef **'
 1935 | HAL_StatusTypeDef       HAL_ADC_Start(ADC_HandleTypeDef *hadc);
      |                                       ~~~~~~~~~~~~~~~~~~~^~~~
../Core/Src/main.c:69:35: warning: passing argument 1 of 'HAL_ADC_PollForConversion' from incompatible pointer type [-Wincompatible-pointer-types]
   69 |         HAL_ADC_PollForConversion(&hadc1, HAL_MAX_DELAY);
      |                                   ^~~~~~
      |                                   |
      |                                   ADC_HandleTypeDef **
In file included from ../Core/Inc/stm32l4xx_hal_conf.h:278,
                 from ../Drivers/STM32L4xx_HAL_Driver/Inc/stm32l4xx_hal.h:29,
                 from ../Core/Inc/main.h:30,
                 from ../Core/Src/main.c:20:
../Drivers/STM32L4xx_HAL_Driver/Inc/stm32l4xx_hal_adc.h:1937:70: note: expected 'ADC_HandleTypeDef *' but argument is of type 'ADC_HandleTypeDef **'
 1937 | HAL_StatusTypeDef       HAL_ADC_PollForConversion(ADC_HandleTypeDef *hadc, uint32_t Timeout);
      |                                                   ~~~~~~~~~~~~~~~~~~~^~~~
../Core/Src/main.c:70:40: warning: passing argument 1 of 'HAL_ADC_GetValue' from incompatible pointer type [-Wincompatible-pointer-types]
   70 |         analogValue = HAL_ADC_GetValue(&hadc1);
      |                                        ^~~~~~
      |                                        |
      |                                        ADC_HandleTypeDef **
In file included from ../Core/Inc/stm32l4xx_hal_conf.h:278,
                 from ../Drivers/STM32L4xx_HAL_Driver/Inc/stm32l4xx_hal.h:29,
                 from ../Core/Inc/main.h:30,
                 from ../Core/Src/main.c:20:
../Drivers/STM32L4xx_HAL_Driver/Inc/stm32l4xx_hal_adc.h:1949:67: note: expected 'const ADC_HandleTypeDef *' but argument is of type 'ADC_HandleTypeDef **'
 1949 | uint32_t                HAL_ADC_GetValue(const ADC_HandleTypeDef *hadc);
      |                                          ~~~~~~~~~~~~~~~~~~~~~~~~~^~~~
[...]
   29 | 
../Core/Src/main.c: In function 'main':
../Core/Src/main.c:563:19: warning: passing argument 3 of 'lcd_print' discards 'const' qualifier from pointer target type [-Wdiscarded-qualifiers]
  563 |   lcd_print(1, 1, message);
      |                   ^~~~~~~
In file included from ../Core/Src/main.c:25:
../Core/Inc/lcd.h:33:63: note: expected 'char *' but argument is of type 'const char *'
   33 | void lcd_print(unsigned char row, unsigned char column, char *out_char);
      |                                                         ~~~~~~^~~~~~~~
arm-none-eabi-gcc -o "projekt.elf" @"objects.list"   -mcpu=cortex-m4 -T"C:\Users\wojte\Desktop\zajecia\ak\projekt\STM32L476RGTX_FLASH.ld" --specs=nosys.specs -Wl,-Map="projekt.map" -Wl,--gc-sections -static --specs=nano.specs -mfpu=fpv4-sp-d16 -mfloat-abi=hard -mthumb -Wl,--start-group -lc -lm -Wl,--end-group
C:/ST/STM32CubeIDE_1.14.1/STM32CubeIDE/plugins/com.st.stm32cube.ide.mcu.externaltools.gnu-tools-for-stm32.11.3.rel1.win32_1.1.100.202309141235/tools/bin/../lib/gcc/arm-none-eabi/11.3.1/../../../../arm-none-eabi/bin/ld.exe: C:/ST/STM32CubeIDE_1.14.1/STM32CubeIDE/plugins/com.st.stm32cube.ide.mcu.externaltools.gnu-tools-for-stm32.11.3.rel1.win32_1.1.100.202309141235/tools/bin/../lib/gcc/arm-none-eabi/11.3.1/../../../../arm-none-eabi/lib/thumb/v7e-m+fp/hard\libc_nano.a(libc_a-gettimeofdayr.o): in function `_gettimeofday_r':
(.text._gettimeofday_r+0xe): warning: _gettimeofday is not implemented and will always fail
Finished building target: projekt.elf
 
arm-none-eabi-size  projekt.elf 
arm-none-eabi-objdump -h -S projekt.elf  > "projekt.list"
   text	   data	    bss	    dec	    hex	filename
  23112	    112	   2144	  25368	   6318	projekt.elf
Finished building: default.size.stdout
 
Finished building: projekt.list
 
16:35:25 **** Incremental Build of configuration Debug for project projekt ****
make -j12 all 
arm-none-eabi-gcc "../Core/Src/main.c" -mcpu=cortex-m4 -std=gnu11 -g3 -DDEBUG -DUSE_HAL_DRIVER -DSTM32L476xx -c -I../Core/Inc -I../Drivers/STM32L4xx_HAL_Driver/Inc -I../Drivers/STM32L4xx_HAL_Driver/Inc/Legacy -I../Drivers/CMSIS/Device/ST/STM32L4xx/Include -I../Drivers/CMSIS/Include -O0 -ffunction-sections -fdata-sections -Wall -fstack-usage -fcyclomatic-complexity -MMD -MP -MF"Core/Src/main.d" -MT"Core/Src/main.o" --specs=nano.specs -mfpu=fpv4-sp-d16 -mfloat-abi=hard -mthumb -o "Core/Src/main.o"
../Core/Src/main.c: In function 'wypisz_tabele':
../Core/Src/main.c:129:20: warning: implicit declaration of function 'strcmp' [-Wimplicit-function-declaration]
  129 |                 if(strcmp(przycisk(), "SELECT")==0)
      |                    ^~~~~~
../Core/Src/main.c:29:1: note: include '<string.h>' or provide a declaration of 'strcmp'
   28 | #include <time.h>
  +++ |+#include <string.h>
   29 | 
../Core/Src/main.c: In function 'main':
../Core/Src/main.c:560:33: warning: multi-character character constant [-Wmultichar]
  560 |   const char message[] = {znak, 'SDFS'};
      |                                 ^~~~~~
../Core/Src/main.c:560:33: warning: unsigned conversion from 'int' to 'char' changes value from '1396983379' to '83' [-Woverflow]
../Core/Src/main.c:563:19: warning: passing argument 3 of 'lcd_print' discards 'const' qualifier from pointer target type [-Wdiscarded-qualifiers]
  563 |   lcd_print(1, 1, message);
      |                   ^~~~~~~
In file included from ../Core/Src/main.c:25:
../Core/Inc/lcd.h:33:63: note: expected 'char *' but argument is of type 'const char *'
   33 | void lcd_print(unsigned char row, unsigned char column, char *out_char);
      |                                                         ~~~~~~^~~~~~~~
arm-none-eabi-gcc -o "projekt.elf" @"objects.list"   -mcpu=cortex-m4 -T"C:\Users\wojte\Desktop\zajecia\ak\projekt\STM32L476RGTX_FLASH.ld" --specs=nosys.specs -Wl,-Map="projekt.map" -Wl,--gc-sections -static --specs=nano.specs -mfpu=fpv4-sp-d16 -mfloat-abi=hard -mthumb -Wl,--start-group -lc -lm -Wl,--end-group
C:/ST/STM32CubeIDE_1.14.1/STM32CubeIDE/plugins/com.st.stm32cube.ide.mcu.externaltools.gnu-tools-for-stm32.11.3.rel1.win32_1.1.100.202309141235/tools/bin/../lib/gcc/arm-none-eabi/11.3.1/../../../../arm-none-eabi/bin/ld.exe: C:/ST/STM32CubeIDE_1.14.1/STM32CubeIDE/plugins/com.st.stm32cube.ide.mcu.externaltools.gnu-tools-for-stm32.11.3.rel1.win32_1.1.100.202309141235/tools/bin/../lib/gcc/arm-none-eabi/11.3.1/../../../../arm-none-eabi/lib/thumb/v7e-m+fp/hard\libc_nano.a(libc_a-gettimeofdayr.o): in function `_gettimeofday_r':
(.text._gettimeofday_r+0xe): warning: _gettimeofday is not implemented and will always fail
Finished building target: projekt.elf
 
arm-none-eabi-size  projekt.elf 
arm-none-eabi-objdump -h -S projekt.elf  > "projekt.list"
   text	   data	    bss	    dec	    hex	filename
  23112	    112	   2144	  25368	   6318	projekt.elf
Finished building: default.size.stdout
 
Finished building: projekt.list
 
16:35:53 **** Incremental Build of configuration Debug for project projekt ****
make -j12 all 
arm-none-eabi-gcc "../Core/Src/main.c" -mcpu=cortex-m4 -std=gnu11 -g3 -DDEBUG -DUSE_HAL_DRIVER -DSTM32L476xx -c -I../Core/Inc -I../Drivers/STM32L4xx_HAL_Driver/Inc -I../Drivers/STM32L4xx_HAL_Driver/Inc/Legacy -I../Drivers/CMSIS/Device/ST/STM32L4xx/Include -I../Drivers/CMSIS/Include -O0 -ffunction-sections -fdata-sections -Wall -fstack-usage -fcyclomatic-complexity -MMD -MP -MF"Core/Src/main.d" -MT"Core/Src/main.o" --specs=nano.specs -mfpu=fpv4-sp-d16 -mfloat-abi=hard -mthumb -o "Core/Src/main.o"
../Core/Src/main.c: In function 'wypisz_tabele':
../Core/Src/main.c:129:20: warning: implicit declaration of function 'strcmp' [-Wimplicit-function-declaration]
  129 |                 if(strcmp(przycisk(), "SELECT")==0)
      |                    ^~~~~~
../Core/Src/main.c:29:1: note: include '<string.h>' or provide a declaration of 'strcmp'
   28 | #include <time.h>
  +++ |+#include <string.h>
   29 | 
../Core/Src/main.c: In function 'main':
../Core/Src/main.c:563:19: warning: passing argument 3 of 'lcd_print' discards 'const' qualifier from pointer target type [-Wdiscarded-qualifiers]
  563 |   lcd_print(1, 1, message);
      |                   ^~~~~~~
In file included from ../Core/Src/main.c:25:
../Core/Inc/lcd.h:33:63: note: expected 'char *' but argument is of type 'const char *'
   33 | void lcd_print(unsigned char row, unsigned char column, char *out_char);
      |                                                         ~~~~~~^~~~~~~~
arm-none-eabi-gcc -o "projekt.elf" @"objects.list"   -mcpu=cortex-m4 -T"C:\Users\wojte\Desktop\zajecia\ak\projekt\STM32L476RGTX_FLASH.ld" --specs=nosys.specs -Wl,-Map="projekt.map" -Wl,--gc-sections -static --specs=nano.specs -mfpu=fpv4-sp-d16 -mfloat-abi=hard -mthumb -Wl,--start-group -lc -lm -Wl,--end-group
C:/ST/STM32CubeIDE_1.14.1/STM32CubeIDE/plugins/com.st.stm32cube.ide.mcu.externaltools.gnu-tools-for-stm32.11.3.rel1.win32_1.1.100.202309141235/tools/bin/../lib/gcc/arm-none-eabi/11.3.1/../../../../arm-none-eabi/bin/ld.exe: C:/ST/STM32CubeIDE_1.14.1/STM32CubeIDE/plugins/com.st.stm32cube.ide.mcu.externaltools.gnu-tools-for-stm32.11.3.rel1.win32_1.1.100.202309141235/tools/bin/../lib/gcc/arm-none-eabi/11.3.1/../../../../arm-none-eabi/lib/thumb/v7e-m+fp/hard\libc_nano.a(libc_a-gettimeofdayr.o): in function `_gettimeofday_r':
(.text._gettimeofday_r+0xe): warning: _gettimeofday is not implemented and will always fail
Finished building target: projekt.elf
 
arm-none-eabi-size  projekt.elf 
arm-none-eabi-objdump -h -S projekt.elf  > "projekt.list"
   text	   data	    bss	    dec	    hex	filename
  23128	    112	   2144	  25384	   6328	projekt.elf
Finished building: default.size.stdout
 
Finished building: projekt.list
 
16:36:25 **** Incremental Build of configuration Debug for project projekt ****
make -j12 all 
arm-none-eabi-gcc "../Core/Src/main.c" -mcpu=cortex-m4 -std=gnu11 -g3 -DDEBUG -DUSE_HAL_DRIVER -DSTM32L476xx -c -I../Core/Inc -I../Drivers/STM32L4xx_HAL_Driver/Inc -I../Drivers/STM32L4xx_HAL_Driver/Inc/Legacy -I../Drivers/CMSIS/Device/ST/STM32L4xx/Include -I../Drivers/CMSIS/Include -O0 -ffunction-sections -fdata-sections -Wall -fstack-usage -fcyclomatic-complexity -MMD -MP -MF"Core/Src/main.d" -MT"Core/Src/main.o" --specs=nano.specs -mfpu=fpv4-sp-d16 -mfloat-abi=hard -mthumb -o "Core/Src/main.o"
../Core/Src/main.c: In function 'wypisz_tabele':
../Core/Src/main.c:129:20: warning: implicit declaration of function 'strcmp' [-Wimplicit-function-declaration]
  129 |                 if(strcmp(przycisk(), "SELECT")==0)
      |                    ^~~~~~
../Core/Src/main.c:29:1: note: include '<string.h>' or provide a declaration of 'strcmp'
   28 | #include <time.h>
  +++ |+#include <string.h>
   29 | 
../Core/Src/main.c: In function 'main':
../Core/Src/main.c:563:19: warning: passing argument 3 of 'lcd_print' discards 'const' qualifier from pointer target type [-Wdiscarded-qualifiers]
  563 |   lcd_print(1, 1, message);
      |                   ^~~~~~~
In file included from ../Core/Src/main.c:25:
../Core/Inc/lcd.h:33:63: note: expected 'char *' but argument is of type 'const char *'
   33 | void lcd_print(unsigned char row, unsigned char column, char *out_char);
      |                                                         ~~~~~~^~~~~~~~
arm-none-eabi-gcc -o "projekt.elf" @"objects.list"   -mcpu=cortex-m4 -T"C:\Users\wojte\Desktop\zajecia\ak\projekt\STM32L476RGTX_FLASH.ld" --specs=nosys.specs -Wl,-Map="projekt.map" -Wl,--gc-sections -static --specs=nano.specs -mfpu=fpv4-sp-d16 -mfloat-abi=hard -mthumb -Wl,--start-group -lc -lm -Wl,--end-group
C:/ST/STM32CubeIDE_1.14.1/STM32CubeIDE/plugins/com.st.stm32cube.ide.mcu.externaltools.gnu-tools-for-stm32.11.3.rel1.win32_1.1.100.202309141235/tools/bin/../lib/gcc/arm-none-eabi/11.3.1/../../../../arm-none-eabi/bin/ld.exe: C:/ST/STM32CubeIDE_1.14.1/STM32CubeIDE/plugins/com.st.stm32cube.ide.mcu.externaltools.gnu-tools-for-stm32.11.3.rel1.win32_1.1.100.202309141235/tools/bin/../lib/gcc/arm-none-eabi/11.3.1/../../../../arm-none-eabi/lib/thumb/v7e-m+fp/hard\libc_nano.a(libc_a-gettimeofdayr.o): in function `_gettimeofday_r':
(.text._gettimeofday_r+0xe): warning: _gettimeofday is not implemented and will always fail
Finished building target: projekt.elf
 
arm-none-eabi-size  projekt.elf 
arm-none-eabi-objdump -h -S projekt.elf  > "projekt.list"
   text	   data	    bss	    dec	    hex	filename
  23132	    112	   2144	  25388	   632c	projekt.elf
Finished building: default.size.stdout
 
Finished building: projekt.list
 
16:36:43 **** Incremental Build of configuration Debug for project projekt ****
make -j12 all 
arm-none-eabi-gcc "../Core/Src/main.c" -mcpu=cortex-m4 -std=gnu11 -g3 -DDEBUG -DUSE_HAL_DRIVER -DSTM32L476xx -c -I../Core/Inc -I../Drivers/STM32L4xx_HAL_Driver/Inc -I../Drivers/STM32L4xx_HAL_Driver/Inc/Legacy -I../Drivers/CMSIS/Device/ST/STM32L4xx/Include -I../Drivers/CMSIS/Include -O0 -ffunction-sections -fdata-sections -Wall -fstack-usage -fcyclomatic-complexity -MMD -MP -MF"Core/Src/main.d" -MT"Core/Src/main.o" --specs=nano.specs -mfpu=fpv4-sp-d16 -mfloat-abi=hard -mthumb -o "Core/Src/main.o"
../Core/Src/main.c: In function 'wypisz_tabele':
../Core/Src/main.c:129:20: warning: implicit declaration of function 'strcmp' [-Wimplicit-function-declaration]
  129 |                 if(strcmp(przycisk(), "SELECT")==0)
      |                    ^~~~~~
../Core/Src/main.c:29:1: note: include '<string.h>' or provide a declaration of 'strcmp'
   28 | #include <time.h>
  +++ |+#include <string.h>
   29 | 
../Core/Src/main.c: In function 'main':
../Core/Src/main.c:563:19: warning: passing argument 3 of 'lcd_print' discards 'const' qualifier from pointer target type [-Wdiscarded-qualifiers]
  563 |   lcd_print(1, 1, message);
      |                   ^~~~~~~
In file included from ../Core/Src/main.c:25:
../Core/Inc/lcd.h:33:63: note: expected 'char *' but argument is of type 'const char *'
   33 | void lcd_print(unsigned char row, unsigned char column, char *out_char);
      |                                                         ~~~~~~^~~~~~~~
arm-none-eabi-gcc -o "projekt.elf" @"objects.list"   -mcpu=cortex-m4 -T"C:\Users\wojte\Desktop\zajecia\ak\projekt\STM32L476RGTX_FLASH.ld" --specs=nosys.specs -Wl,-Map="projekt.map" -Wl,--gc-sections -static --specs=nano.specs -mfpu=fpv4-sp-d16 -mfloat-abi=hard -mthumb -Wl,--start-group -lc -lm -Wl,--end-group
C:/ST/STM32CubeIDE_1.14.1/STM32CubeIDE/plugins/com.st.stm32cube.ide.mcu.externaltools.gnu-tools-for-stm32.11.3.rel1.win32_1.1.100.202309141235/tools/bin/../lib/gcc/arm-none-eabi/11.3.1/../../../../arm-none-eabi/bin/ld.exe: C:/ST/STM32CubeIDE_1.14.1/STM32CubeIDE/plugins/com.st.stm32cube.ide.mcu.externaltools.gnu-tools-for-stm32.11.3.rel1.win32_1.1.100.202309141235/tools/bin/../lib/gcc/arm-none-eabi/11.3.1/../../../../arm-none-eabi/lib/thumb/v7e-m+fp/hard\libc_nano.a(libc_a-gettimeofdayr.o): in function `_gettimeofday_r':
(.text._gettimeofday_r+0xe): warning: _gettimeofday is not implemented and will always fail
Finished building target: projekt.elf
 
arm-none-eabi-size  projekt.elf 
arm-none-eabi-objdump -h -S projekt.elf  > "projekt.list"
   text	   data	    bss	    dec	    hex	filename
  23128	    112	   2144	  25384	   6328	projekt.elf
Finished building: default.size.stdout
 
Finished building: projekt.list
 
16:37:54 **** Incremental Build of configuration Debug for project projekt ****
make -j12 all 
arm-none-eabi-gcc "../Core/Src/main.c" -mcpu=cortex-m4 -std=gnu11 -g3 -DDEBUG -DUSE_HAL_DRIVER -DSTM32L476xx -c -I../Core/Inc -I../Drivers/STM32L4xx_HAL_Driver/Inc -I../Drivers/STM32L4xx_HAL_Driver/Inc/Legacy -I../Drivers/CMSIS/Device/ST/STM32L4xx/Include -I../Drivers/CMSIS/Include -O0 -ffunction-sections -fdata-sections -Wall -fstack-usage -fcyclomatic-complexity -MMD -MP -MF"Core/Src/main.d" -MT"Core/Src/main.o" --specs=nano.specs -mfpu=fpv4-sp-d16 -mfloat-abi=hard -mthumb -o "Core/Src/main.o"
../Core/Src/main.c: In function 'wypisz_tabele':
../Core/Src/main.c:129:20: warning: implicit declaration of function 'strcmp' [-Wimplicit-function-declaration]
  129 |                 if(strcmp(przycisk(), "SELECT")==0)
      |                    ^~~~~~
../Core/Src/main.c:29:1: note: include '<string.h>' or provide a declaration of 'strcmp'
   28 | #include <time.h>
  +++ |+#include <string.h>
   29 | 
arm-none-eabi-gcc -o "projekt.elf" @"objects.list"   -mcpu=cortex-m4 -T"C:\Users\wojte\Desktop\zajecia\ak\projekt\STM32L476RGTX_FLASH.ld" --specs=nosys.specs -Wl,-Map="projekt.map" -Wl,--gc-sections -static --specs=nano.specs -mfpu=fpv4-sp-d16 -mfloat-abi=hard -mthumb -Wl,--start-group -lc -lm -Wl,--end-group
C:/ST/STM32CubeIDE_1.14.1/STM32CubeIDE/plugins/com.st.stm32cube.ide.mcu.externaltools.gnu-tools-for-stm32.11.3.rel1.win32_1.1.100.202309141235/tools/bin/../lib/gcc/arm-none-eabi/11.3.1/../../../../arm-none-eabi/bin/ld.exe: C:/ST/STM32CubeIDE_1.14.1/STM32CubeIDE/plugins/com.st.stm32cube.ide.mcu.externaltools.gnu-tools-for-stm32.11.3.rel1.win32_1.1.100.202309141235/tools/bin/../lib/gcc/arm-none-eabi/11.3.1/../../../../arm-none-eabi/lib/thumb/v7e-m+fp/hard\libc_nano.a(libc_a-gettimeofdayr.o): in function `_gettimeofday_r':
(.text._gettimeofday_r+0xe): warning: _gettimeofday is not implemented and will always fail
Finished building target: projekt.elf
 
arm-none-eabi-size  projekt.elf 
arm-none-eabi-objdump -h -S projekt.elf  > "projekt.list"
   text	   data	    bss	    dec	    hex	filename
  23128	    112	   2144	  25384	   6328	projekt.elf
Finished building: default.size.stdout
 
Finished building: projekt.list
 
16:40:41 **** Incremental Build of configuration Debug for project projekt ****
make -j12 all 
arm-none-eabi-gcc "../Core/Src/main.c" -mcpu=cortex-m4 -std=gnu11 -g3 -DDEBUG -DUSE_HAL_DRIVER -DSTM32L476xx -c -I../Core/Inc -I../Drivers/STM32L4xx_HAL_Driver/Inc -I../Drivers/STM32L4xx_HAL_Driver/Inc/Legacy -I../Drivers/CMSIS/Device/ST/STM32L4xx/Include -I../Drivers/CMSIS/Include -O0 -ffunction-sections -fdata-sections -Wall -fstack-usage -fcyclomatic-complexity -MMD -MP -MF"Core/Src/main.d" -MT"Core/Src/main.o" --specs=nano.specs -mfpu=fpv4-sp-d16 -mfloat-abi=hard -mthumb -o "Core/Src/main.o"
../Core/Src/main.c: In function 'wypisz_tabele':
../Core/Src/main.c:118:20: warning: implicit declaration of function 'strcmp' [-Wimplicit-function-declaration]
  118 |                 if(strcmp(przycisk(), "SELECT")==0)
      |                    ^~~~~~
../Core/Src/main.c:29:1: note: include '<string.h>' or provide a declaration of 'strcmp'
   28 | #include <time.h>
  +++ |+#include <string.h>
   29 | 
arm-none-eabi-gcc -o "projekt.elf" @"objects.list"   -mcpu=cortex-m4 -T"C:\Users\wojte\Desktop\zajecia\ak\projekt\STM32L476RGTX_FLASH.ld" --specs=nosys.specs -Wl,-Map="projekt.map" -Wl,--gc-sections -static --specs=nano.specs -mfpu=fpv4-sp-d16 -mfloat-abi=hard -mthumb -Wl,--start-group -lc -lm -Wl,--end-group
C:/ST/STM32CubeIDE_1.14.1/STM32CubeIDE/plugins/com.st.stm32cube.ide.mcu.externaltools.gnu-tools-for-stm32.11.3.rel1.win32_1.1.100.202309141235/tools/bin/../lib/gcc/arm-none-eabi/11.3.1/../../../../arm-none-eabi/bin/ld.exe: C:/ST/STM32CubeIDE_1.14.1/STM32CubeIDE/plugins/com.st.stm32cube.ide.mcu.externaltools.gnu-tools-for-stm32.11.3.rel1.win32_1.1.100.202309141235/tools/bin/../lib/gcc/arm-none-eabi/11.3.1/../../../../arm-none-eabi/lib/thumb/v7e-m+fp/hard\libc_nano.a(libc_a-gettimeofdayr.o): in function `_gettimeofday_r':
(.text._gettimeofday_r+0xe): warning: _gettimeofday is not implemented and will always fail
Finished building target: projekt.elf
 
arm-none-eabi-size  projekt.elf 
arm-none-eabi-objdump -h -S projekt.elf  > "projekt.list"
   text	   data	    bss	    dec	    hex	filename
  22140	    112	   2144	  24396	   5f4c	projekt.elf
Finished building: default.size.stdout
 
Finished building: projekt.list
 
16:41:04 **** Incremental Build of configuration Debug for project projekt ****
make -j12 all 
arm-none-eabi-gcc "../Core/Src/main.c" -mcpu=cortex-m4 -std=gnu11 -g3 -DDEBUG -DUSE_HAL_DRIVER -DSTM32L476xx -c -I../Core/Inc -I../Drivers/STM32L4xx_HAL_Driver/Inc -I../Drivers/STM32L4xx_HAL_Driver/Inc/Legacy -I../Drivers/CMSIS/Device/ST/STM32L4xx/Include -I../Drivers/CMSIS/Include -O0 -ffunction-sections -fdata-sections -Wall -fstack-usage -fcyclomatic-complexity -MMD -MP -MF"Core/Src/main.d" -MT"Core/Src/main.o" --specs=nano.specs -mfpu=fpv4-sp-d16 -mfloat-abi=hard -mthumb -o "Core/Src/main.o"
../Core/Src/main.c: In function 'wypisz_tabele':
../Core/Src/main.c:118:20: warning: implicit declaration of function 'strcmp' [-Wimplicit-function-declaration]
  118 |                 if(strcmp(przycisk(), "SELECT")==0)
      |                    ^~~~~~
../Core/Src/main.c:29:1: note: include '<string.h>' or provide a declaration of 'strcmp'
   28 | #include <time.h>
  +++ |+#include <string.h>
   29 | 
arm-none-eabi-gcc -o "projekt.elf" @"objects.list"   -mcpu=cortex-m4 -T"C:\Users\wojte\Desktop\zajecia\ak\projekt\STM32L476RGTX_FLASH.ld" --specs=nosys.specs -Wl,-Map="projekt.map" -Wl,--gc-sections -static --specs=nano.specs -mfpu=fpv4-sp-d16 -mfloat-abi=hard -mthumb -Wl,--start-group -lc -lm -Wl,--end-group
C:/ST/STM32CubeIDE_1.14.1/STM32CubeIDE/plugins/com.st.stm32cube.ide.mcu.externaltools.gnu-tools-for-stm32.11.3.rel1.win32_1.1.100.202309141235/tools/bin/../lib/gcc/arm-none-eabi/11.3.1/../../../../arm-none-eabi/bin/ld.exe: C:/ST/STM32CubeIDE_1.14.1/STM32CubeIDE/plugins/com.st.stm32cube.ide.mcu.externaltools.gnu-tools-for-stm32.11.3.rel1.win32_1.1.100.202309141235/tools/bin/../lib/gcc/arm-none-eabi/11.3.1/../../../../arm-none-eabi/lib/thumb/v7e-m+fp/hard\libc_nano.a(libc_a-gettimeofdayr.o): in function `_gettimeofday_r':
(.text._gettimeofday_r+0xe): warning: _gettimeofday is not implemented and will always fail
Finished building target: projekt.elf
 
arm-none-eabi-size  projekt.elf 
arm-none-eabi-objdump -h -S projekt.elf  > "projekt.list"
   text	   data	    bss	    dec	    hex	filename
  28168	    120	   2152	  30440	   76e8	projekt.elf
Finished building: default.size.stdout
 
Finished building: projekt.list
 
