16:41:04 **** Incremental Build of configuration Debug for project projekt ****
make -j12 all 
arm-none-eabi-gcc "../Core/Src/main.c" -mcpu=cortex-m4 -std=gnu11 -g3 -DDEBUG -DUSE_HAL_DRIVER -DSTM32L476xx -c -I../Core/Inc -I../Drivers/STM32L4xx_HAL_Driver/Inc -I../Drivers/STM32L4xx_HAL_Driver/Inc/Legacy -I../Drivers/CMSIS/Device/ST/STM32L4xx/Include -I../Drivers/CMSIS/Include -O0 -ffunction-sections -fdata-sections -Wall -fstack-usage -fcyclomatic-complexity -MMD -MP -MF"Core/Src/main.d" -MT"Core/Src/main.o" --specs=nano.specs -mfpu=fpv4-sp-d16 -mfloat-abi=hard -mthumb -o "Core/Src/main.o"
../Core/Src/main.c: In function 'wypisz_tabele':
../Core/Src/main.c:118:20: warning: implicit declaration of function 'strcmp' [-Wimplicit-function-declaration]
  118 |                 if(strcmp(przycisk(), "SELECT")==0)
      |                    ^~~~~~
../Core/Src/main.c:29:1: note: include '<string.h>' or provide a declaration of 'strcmp'
   28 | #include <time.h>
  +++ |+#include <string.h>
   29 | 
arm-none-eabi-gcc -o "projekt.elf" @"objects.list"   -mcpu=cortex-m4 -T"C:\Users\wojte\Desktop\zajecia\ak\projekt\STM32L476RGTX_FLASH.ld" --specs=nosys.specs -Wl,-Map="projekt.map" -Wl,--gc-sections -static --specs=nano.specs -mfpu=fpv4-sp-d16 -mfloat-abi=hard -mthumb -Wl,--start-group -lc -lm -Wl,--end-group
C:/ST/STM32CubeIDE_1.14.1/STM32CubeIDE/plugins/com.st.stm32cube.ide.mcu.externaltools.gnu-tools-for-stm32.11.3.rel1.win32_1.1.100.202309141235/tools/bin/../lib/gcc/arm-none-eabi/11.3.1/../../../../arm-none-eabi/bin/ld.exe: C:/ST/STM32CubeIDE_1.14.1/STM32CubeIDE/plugins/com.st.stm32cube.ide.mcu.externaltools.gnu-tools-for-stm32.11.3.rel1.win32_1.1.100.202309141235/tools/bin/../lib/gcc/arm-none-eabi/11.3.1/../../../../arm-none-eabi/lib/thumb/v7e-m+fp/hard\libc_nano.a(libc_a-gettimeofdayr.o): in function `_gettimeofday_r':
(.text._gettimeofday_r+0xe): warning: _gettimeofday is not implemented and will always fail
Finished building target: projekt.elf
 
arm-none-eabi-size  projekt.elf 
arm-none-eabi-objdump -h -S projekt.elf  > "projekt.list"
   text	   data	    bss	    dec	    hex	filename
  28168	    120	   2152	  30440	   76e8	projekt.elf
Finished building: default.size.stdout
 
Finished building: projekt.list
 

16:41:06 Build Finished. 0 errors, 2 warnings. (took 1s.400ms)

